SunboX commented on 4 Nov 2015
I got my closed Beta invite today. Thank you very much! I tried to update my certificate on my personal home server running apache2 on Raspbian on Raspberry Pi 2.
As Domain I entered just.4be.mobi and got the error message
Failed authorization procedure. just.4be.mobi (dvsni): connection :: The server could not connect to the client for DV :: Failed to connect to host for DVSNI challenge
Full Log
foo@just /opt $ sudo git clone https://github.com/letsencrypt/letsencrypt
Cloning into 'letsencrypt'...
remote: Counting objects: 22665, done.
remote: Compressing objects: 100% (55/55), done.
remote: Total 22665 (delta 26), reused 0 (delta 0), pack-reused 22609
Receiving objects: 100% (22665/22665), 5.88 MiB | 1.44 MiB/s, done.
Resolving deltas: 100% (15754/15754), done.
foo@just /opt $ cd letsencrypt
foo@just /opt/letsencrypt $ sudo ./letsencrypt-auto --agree-dev-preview --server https://acme-v01.api.letsencrypt.org/directory auth
Bootstrapping dependencies for Debian-based OSes...
OK   http://raspberrypi.collabora.com wheezy Release.gpg
Holen: 1 http://mirrordirector.raspbian.org wheezy Release.gpg [490 B]
OK   http://archive.raspberrypi.org wheezy Release.gpg                         
OK   http://raspberrypi.collabora.com wheezy Release                           
Holen: 2 http://mirrordirector.raspbian.org wheezy Release [14,4 kB]
OK   http://archive.raspberrypi.org wheezy Release
OK   http://raspberrypi.collabora.com wheezy/rpi armhf Packages              
OK   http://archive.raspberrypi.org wheezy/main armhf Packages               
Holen: 3 http://mirrordirector.raspbian.org wheezy/main armhf Packages [6.908 kB]
Ign http://raspberrypi.collabora.com wheezy/rpi Translation-de_DE              
Ign http://archive.raspberrypi.org wheezy/main Translation-de_DE               
Ign http://raspberrypi.collabora.com wheezy/rpi Translation-de                 
Ign http://archive.raspberrypi.org wheezy/main Translation-de                  
Ign http://raspberrypi.collabora.com wheezy/rpi Translation-en                 
Ign http://archive.raspberrypi.org wheezy/main Translation-en
Holen: 4 http://mirrordirector.raspbian.org wheezy/contrib armhf Packages [23,6 kB]
Holen: 5 http://mirrordirector.raspbian.org wheezy/non-free armhf Packages [49,3 kB]
Holen: 6 http://mirrordirector.raspbian.org wheezy/rpi armhf Packages [592 B]
Ign http://mirrordirector.raspbian.org wheezy/contrib Translation-de_DE        
Ign http://mirrordirector.raspbian.org wheezy/contrib Translation-de           
Ign http://mirrordirector.raspbian.org wheezy/contrib Translation-en           
Ign http://mirrordirector.raspbian.org wheezy/main Translation-de_DE           
Ign http://mirrordirector.raspbian.org wheezy/main Translation-de              
Ign http://mirrordirector.raspbian.org wheezy/main Translation-en              
Ign http://mirrordirector.raspbian.org wheezy/non-free Translation-de_DE       
Ign http://mirrordirector.raspbian.org wheezy/non-free Translation-de          
Ign http://mirrordirector.raspbian.org wheezy/non-free Translation-en          
Ign http://mirrordirector.raspbian.org wheezy/rpi Translation-de_DE            
Ign http://mirrordirector.raspbian.org wheezy/rpi Translation-de               
Ign http://mirrordirector.raspbian.org wheezy/rpi Translation-en               
Es wurden 6.996 kB in 21 s geholt (318 kB/s).                                  
Paketlisten werden gelesen... Fertig
E: Keine Pakete gefunden
Paketlisten werden gelesen... Fertig
Abhängigkeitsbaum wird aufgebaut.       
Statusinformationen werden eingelesen.... Fertig
ca-certificates ist schon die neueste Version.
dialog ist schon die neueste Version.
gcc ist schon die neueste Version.
git ist schon die neueste Version.
git wurde als manuell installiert festgelegt.
libaugeas0 ist schon die neueste Version.
libssl-dev ist schon die neueste Version.
python ist schon die neueste Version.
python-dev ist schon die neueste Version.
python-virtualenv ist schon die neueste Version.
Die folgenden Pakete wurden automatisch installiert und werden nicht mehr benötigt:
  javascript-common libc-ares-dev libc-ares2 libev-dev libev4 libv8-3.8.9.20
  libv8-dev node-node-uuid wwwconfig-common
Verwenden Sie »apt-get autoremove«, um sie zu entfernen.
Die folgenden NEUEN Pakete werden installiert:
  libffi-dev
0 aktualisiert, 1 neu installiert, 0 zu entfernen und 22 nicht aktualisiert.
Es müssen 113 kB an Archiven heruntergeladen werden.
Nach dieser Operation werden 318 kB Plattenplatz zusätzlich benutzt.
Holen: 1 http://mirrordirector.raspbian.org/raspbian/ wheezy/main libffi-dev armhf 3.0.10-3+b3 [113 kB]
Es wurden 113 kB in 1 s geholt (60,6 kB/s).
Vormals nicht ausgewähltes Paket libffi-dev:armhf wird gewählt.
(Lese Datenbank ... 54072 Dateien und Verzeichnisse sind derzeit installiert.)
Entpacken von libffi-dev:armhf (aus .../libffi-dev_3.0.10-3+b3_armhf.deb) ...
Trigger für install-info werden verarbeitet ...
Trigger für man-db werden verarbeitet ...
libffi-dev:armhf (3.0.10-3+b3) wird eingerichtet ...
Creating virtual environment...
Updating letsencrypt and virtual environment dependencies...../root/.local/share/letsencrypt/local/lib/python2.7/site-packages/pip/_vendor/requests/packages/urllib3/util/ssl_.py:90: InsecurePlatformWarning: A true SSLContext object is not available. This prevents urllib3 from configuring SSL appropriately and may cause certain SSL connections to fail. For more information, see https://urllib3.readthedocs.org/en/latest/security.html#insecureplatformwarning.
  InsecurePlatformWarning

/root/.local/share/letsencrypt/local/lib/python2.7/site-packages/pip/_vendor/requests/packages/urllib3/util/ssl_.py:90: InsecurePlatformWarning: A true SSLContext object is not available. This prevents urllib3 from configuring SSL appropriately and may cause certain SSL connections to fail. For more information, see https://urllib3.readthedocs.org/en/latest/security.html#insecureplatformwarning.
  InsecurePlatformWarning
.
Running with virtualenv: /root/.local/share/letsencrypt/bin/letsencrypt --agree-dev-preview --server https://acme-v01.api.letsencrypt.org/directory auth














































































                                                                 ┌──────────────────────────────────────────────────────────────────────┐
                                                                 │ Enter email address (used for urgent notices and lost key recovery)  │  
                                                                 │ ┌──────────────────────────────────────────────────────────────────┐ │  
                                                                 │ │andre.fiedler@me.com                                              │ │  
                                                                 │ └──────────────────────────────────────────────────────────────────┘ │  
                                                                 │                                                                      │  
                                                                 │                                                                      │  
                                                                 ├──────────────────────────────────────────────────────────────────────┤  
                                                                 │                   <   OK    >          <Abbrechen>                   │  
                                                                 └──────────────────────────────────────────────────────────────────────┘  































































































                                                                 ┌──────────────────────────────────────────────────────────────────────┐
                                                                 │ Please read the Terms of Service at                                  │  
                                                                 │ https://letsencrypt.org/documents/LE-SA-v1.0.1-July-27-2015.pdf. You │  
                                                                 │ must agree in order to register with the ACME server at              │  
                                                                 │ https://acme-v01.api.letsencrypt.org/directory                       │  
                                                                 │                                                                      │  
                                                                 │                                                                      │  
                                                                 │                                                                      │  
                                                                 │                                                                      │  
                                                                 │                                                                      │  
                                                                 │                                                                      │  
                                                                 │                                                                      │  
                                                                 │                                                                      │  
                                                                 │                                                                      │  
                                                                 │                                                                      │  
                                                                 │                                                                      │  
                                                                 │                                                                      │  
                                                                 ├──────────────────────────────────────────────────────────────────────┤  
                                                                 │                     <Agree >           <Cancel>                      │  
                                                                 └──────────────────────────────────────────────────────────────────────┘  































































































                                                                 ┌──────────────────────────────────────────────────────────────────────┐
                                                                 │ Please enter in your domain name(s) (comma and/or space separated)   │  
                                                                 │ ┌──────────────────────────────────────────────────────────────────┐ │  
                                                                 │ │just.4be.mobi                                                     │ │  
                                                                 │ └──────────────────────────────────────────────────────────────────┘ │  
                                                                 │                                                                      │  
                                                                 │                                                                      │  
                                                                 ├──────────────────────────────────────────────────────────────────────┤  
                                                                 │                   <   OK    >          <Abbrechen>                   │  
                                                                 └──────────────────────────────────────────────────────────────────────┘  




































































































                                                                 ┌──────────────────────────────────────────────────────────────────────┐
                                                                 │ The program apache2 (process ID 3119) is already listening on TCP    │  
                                                                 │ port 80. This will prevent us from binding to that port. Please stop │  
                                                                 │ the apache2 program temporarily and then try again.                  │  
                                                                 │                                                                      │  
                                                                 │                                                                      │  
                                                                 │                                                                      │  
                                                                 ├──────────────────────────────────────────────────────────────────────┤  
                                                                 │                               <  OK  >                               │  
                                                                 └──────────────────────────────────────────────────────────────────────┘  






















At least one of the (possibly) required ports is already taken.

IMPORTANT NOTES:
 - If you lose your account credentials, you can recover through
   e-mails sent to andre.fiedler@me.com.
 - Your account credentials have been saved in your Let's Encrypt
   configuration directory at /etc/letsencrypt. You should make a
   secure backup of this folder now. This configuration directory will
   also contain certificates and private keys obtained by Let's
   Encrypt so making regular backups of this folder is ideal.
foo@just /opt/letsencrypt $ sudo /etc/init.d/apache2 stop
[ ok ] Stopping web server: apache2 ... waiting .
foo@just /opt/letsencrypt $ sudo ./letsencrypt-auto --agree-dev-preview --server https://acme-v01.api.letsencrypt.org/directory auth
Updating letsencrypt and virtual environment dependencies......
Running with virtualenv: /root/.local/share/letsencrypt/bin/letsencrypt --agree-dev-preview --server https://acme-v01.api.letsencrypt.org/directory auth














































































                                                                 ┌──────────────────────────────────────────────────────────────────────┐
                                                                 │ Please enter in your domain name(s) (comma and/or space separated)   │  
                                                                 │ ┌──────────────────────────────────────────────────────────────────┐ │  
                                                                 │ │just.4be.mobi                                                     │ │  
                                                                 │ └──────────────────────────────────────────────────────────────────┘ │  
                                                                 │                                                                      │  
                                                                 │                                                                      │  
                                                                 ├──────────────────────────────────────────────────────────────────────┤  
                                                                 │                   <   OK    >          <Abbrechen>                   │  
                                                                 └──────────────────────────────────────────────────────────────────────┘  






















Failed authorization procedure. just.4be.mobi (dvsni): connection :: The server could not connect to the client for DV :: Failed to connect to host for DVSNI challenge

IMPORTANT NOTES:
 - The following 'connection' errors were reported by the server:

   Domains: just.4be.mobi
   Error: The server could not connect to the client for DV

   To fix these errors, please make sure that your domain name was
   entered correctly and the DNS A record(s) for that domain contains
   the right IP address. Additionally, please check that your computer
   has publicly routable IP address and no firewalls are preventing
   the server from communicating with the client.
foo@just /opt/letsencrypt $