Contributor
hackedd commented on 4 Jul 2012
Hi,
I noticed that the current stable download (at http://mitmproxy.org/download/mitmproxy-0.8.tar.gz) is gzipped twice:
$ tar -xzf mitmproxy-0.8.tar.gz 
tar: This does not look like a tar archive
tar: Skipping to next header
tar: Exiting with failure status due to previous errors
$ file mitmproxy-0.8.tar.gz
mitmproxy-0.8.tar.gz: gzip compressed data, from Unix
$ gunzip mitmproxy-0.8.tar.gz
$ file mitmproxy-0.8.tar
mitmproxy-0.8.tar: gzip compressed data, was "dist/mitmproxy-0.8.tar", last modified: Mon Apr  9 06:44:19 2012, max compression
$ tar -xzf mitmproxy-0.8.tar
$