RohitDhankar commented on 6 Dec 2018 •
edited by Kriechi
Steps to reproduce the problem:
Any other comments? What have you tried so far?
dhankar@dhankar-VPCEB44EN:/media/dhankar/Dhankar_1/a7_18/a7_18_Scrapy$ python --version
Python 3.6.5
dhankar@dhankar-VPCEB44EN:/media/dhankar/Dhankar_1/a7_18/a7_18_Scrapy$ 
dhankar@dhankar-VPCEB44EN:/media/dhankar/Dhankar_1/a7_18/a7_18_Scrapy$ pip install --upgrade pip
Cache entry deserialization failed, entry ignored
Collecting pip
  Downloading https://files.pythonhosted.org/packages/c2/d7/90f34cb0d83a6c5631cf71dfe64cc1054598c843a92b400e55675cc2ac37/pip-18.1-py2.py3-none-any.whl (1.3MB)
    100% |████████████████████████████████| 1.3MB 673kB/s 
Installing collected packages: pip
  Found existing installation: pip 9.0.3
    Uninstalling pip-9.0.3:
      Successfully uninstalled pip-9.0.3
Successfully installed pip-18.1
dhankar@dhankar-VPCEB44EN:/media/dhankar/Dhankar_1/a7_18/a7_18_Scrapy$ 
dhankar@dhankar-VPCEB44EN:/media/dhankar/Dhankar_1/a7_18/a7_18_Scrapy$ pip3 install mitmproxy
Collecting mitmproxy
  Using cached https://files.pythonhosted.org/packages/e5/6c/fe3f4b4cbef7f703b1199d5443963c4c56c2182223375bdaf0930e1ad052/mitmproxy-4.0.4-py3-none-any.whl
Requirement already satisfied: tornado<5.2,>=4.3 in /home/dhankar/.pyenv/versions/3.6.5/lib/python3.6/site-packages (from mitmproxy) (5.1.1)
Requirement already satisfied: certifi>=2015.11.20.1 in /home/dhankar/.pyenv/versions/3.6.5/lib/python3.6/site-packages (from mitmproxy) (2018.11.29)
Requirement already satisfied: wsproto<0.12.0,>=0.11.0 in /home/dhankar/.pyenv/versions/3.6.5/lib/python3.6/site-packages (from mitmproxy) (0.11.0)
Requirement already satisfied: hyperframe<6,>=5.1.0 in /home/dhankar/.pyenv/versions/3.6.5/lib/python3.6/site-packages (from mitmproxy) (5.1.0)
Requirement already satisfied: urwid<2.1,>=2.0.1 in /home/dhankar/.pyenv/versions/3.6.5/lib/python3.6/site-packages (from mitmproxy) (2.0.1)
Requirement already satisfied: cryptography<2.4,>=2.1.4 in /home/dhankar/.pyenv/versions/3.6.5/lib/python3.6/site-packages (from mitmproxy) (2.3.1)
Requirement already satisfied: pyperclip<1.7,>=1.6.0 in /home/dhankar/.pyenv/versions/3.6.5/lib/python3.6/site-packages (from mitmproxy) (1.6.5)
Requirement already satisfied: kaitaistruct<0.9,>=0.7 in /home/dhankar/.pyenv/versions/3.6.5/lib/python3.6/site-packages (from mitmproxy) (0.8)
Requirement already satisfied: sortedcontainers<2.1,>=1.5.4 in /home/dhankar/.pyenv/versions/3.6.5/lib/python3.6/site-packages (from mitmproxy) (2.0.5)
Requirement already satisfied: passlib<1.8,>=1.6.5 in /home/dhankar/.pyenv/versions/3.6.5/lib/python3.6/site-packages (from mitmproxy) (1.7.1)
Requirement already satisfied: blinker<1.5,>=1.4 in /home/dhankar/.pyenv/versions/3.6.5/lib/python3.6/site-packages (from mitmproxy) (1.4)
Requirement already satisfied: ldap3<2.6,>=2.5 in /home/dhankar/.pyenv/versions/3.6.5/lib/python3.6/site-packages (from mitmproxy) (2.5.1)
Requirement already satisfied: brotlipy<0.8,>=0.7.0 in /home/dhankar/.pyenv/versions/3.6.5/lib/python3.6/site-packages (from mitmproxy) (0.7.0)
Requirement already satisfied: pyparsing<2.3,>=2.1.3 in /home/dhankar/.pyenv/versions/3.6.5/lib/python3.6/site-packages (from mitmproxy) (2.2.2)
Requirement already satisfied: click<7,>=6.2 in /home/dhankar/.pyenv/versions/3.6.5/lib/python3.6/site-packages (from mitmproxy) (6.7)
Requirement already satisfied: pyasn1<0.5,>=0.3.1 in /home/dhankar/.pyenv/versions/3.6.5/lib/python3.6/site-packages (from mitmproxy) (0.4.4)
Requirement already satisfied: pyOpenSSL<18.1,>=17.5 in /home/dhankar/.local/lib/python3.6/site-packages (from mitmproxy) (18.0.0)
Requirement already satisfied: h2<4,>=3.0.1 in /home/dhankar/.pyenv/versions/3.6.5/lib/python3.6/site-packages (from mitmproxy) (3.0.1)
Requirement already satisfied: ruamel.yaml<0.16,>=0.13.2 in /home/dhankar/.pyenv/versions/3.6.5/lib/python3.6/site-packages (from mitmproxy) (0.15.80)
Requirement already satisfied: h11~=0.7.0 in /home/dhankar/.pyenv/versions/3.6.5/lib/python3.6/site-packages (from wsproto<0.12.0,>=0.11.0->mitmproxy) (0.7.0)
Requirement already satisfied: idna>=2.1 in /home/dhankar/.pyenv/versions/3.6.5/lib/python3.6/site-packages (from cryptography<2.4,>=2.1.4->mitmproxy) (2.8)
Requirement already satisfied: asn1crypto>=0.21.0 in /home/dhankar/.pyenv/versions/3.6.5/lib/python3.6/site-packages (from cryptography<2.4,>=2.1.4->mitmproxy) (0.24.0)
Requirement already satisfied: six>=1.4.1 in /home/dhankar/.pyenv/versions/3.6.5/lib/python3.6/site-packages (from cryptography<2.4,>=2.1.4->mitmproxy) (1.11.0)
Requirement already satisfied: cffi!=1.11.3,>=1.7 in /home/dhankar/.pyenv/versions/3.6.5/lib/python3.6/site-packages (from cryptography<2.4,>=2.1.4->mitmproxy) (1.11.5)
Requirement already satisfied: hpack<4,>=2.3 in /home/dhankar/.pyenv/versions/3.6.5/lib/python3.6/site-packages (from h2<4,>=3.0.1->mitmproxy) (3.0.0)
Requirement already satisfied: pycparser in /home/dhankar/.pyenv/versions/3.6.5/lib/python3.6/site-packages (from cffi!=1.11.3,>=1.7->cryptography<2.4,>=2.1.4->mitmproxy) (2.19)
Installing collected packages: mitmproxy
Successfully installed mitmproxy-4.0.4
dhankar@dhankar-VPCEB44EN:/media/dhankar/Dhankar_1/a7_18/a7_18_Scrapy$ 
dhankar@dhankar-VPCEB44EN:/media/dhankar/Dhankar_1/a7_18/a7_18_Scrapy$ mitmproxy --V
############################################################################
# mitmproxy requires Python 3.6 or higher!                                 #
#                                                                          #
# Please upgrade your Python intepreter or use our mitmproxy binaries from #
# https://mitmproxy.org. If your operating system does not include the     #
# required Python version, you can try using pyenv or similar tools.       #
############################################################################
dhankar@dhankar-VPCEB44EN:/media/dhankar/Dhankar_1/a7_18/a7_18_Scrapy$ 
dhankar@dhankar-VPCEB44EN:/media/dhankar/Dhankar_1/a7_18/a7_18_Scrapy$ mitmproxy --V
############################################################################
# mitmproxy requires Python 3.6 or higher!                                 #
#                                                                          #
# Please upgrade your Python intepreter or use our mitmproxy binaries from #
# https://mitmproxy.org. If your operating system does not include the     #
# required Python version, you can try using pyenv or similar tools.       #
############################################################################
dhankar@dhankar-VPCEB44EN:/media/dhankar/Dhankar_1/a7_18/a7_18_Scrapy$ 
System information
Further tried to UnInstall - that also doesnt seem to work , obviously Purge wont work as i did not APT INstall ....
dhankar@dhankar-VPCEB44EN:/media/dhankar/Dhankar_1/a7_18/a7_18_Scrapy$ sudo apt-get --purge remove mitmproxy
[sudo] password for dhankar: 
Reading package lists... Done
Building dependency tree       
Reading state information... Done
Package 'mitmproxy' is not installed, so not removed
The following packages were automatically installed and are no longer required:
  linux-headers-4.4.0-112 linux-headers-4.4.0-112-generic linux-headers-4.4.0-116 linux-headers-4.4.0-116-generic linux-headers-4.4.0-119
  linux-headers-4.4.0-119-generic linux-headers-4.4.0-121 linux-headers-4.4.0-121-generic linux-headers-4.4.0-124 linux-headers-4.4.0-124-generic
  linux-headers-4.4.0-127 linux-headers-4.4.0-127-generic linux-headers-4.4.0-128 linux-headers-4.4.0-128-generic linux-headers-4.4.0-130
  linux-headers-4.4.0-130-generic linux-headers-4.4.0-133 linux-headers-4.4.0-133-generic linux-headers-4.4.0-134 linux-headers-4.4.0-134-generic
  linux-headers-4.4.0-137 linux-headers-4.4.0-137-generic linux-image-4.4.0-112-generic linux-image-4.4.0-116-generic linux-image-4.4.0-119-generic
  linux-image-4.4.0-121-generic linux-image-4.4.0-124-generic linux-image-4.4.0-127-generic linux-image-4.4.0-128-generic
  linux-image-4.4.0-130-generic linux-image-4.4.0-133-generic linux-image-4.4.0-134-generic linux-image-4.4.0-137-generic
  linux-image-extra-4.4.0-112-generic linux-image-extra-4.4.0-116-generic linux-image-extra-4.4.0-119-generic linux-image-extra-4.4.0-121-generic
  linux-image-extra-4.4.0-124-generic linux-image-extra-4.4.0-127-generic linux-image-extra-4.4.0-128-generic linux-image-extra-4.4.0-130-generic
  linux-image-extra-4.4.0-133-generic linux-image-extra-4.4.0-134-generic linux-image-extra-4.4.0-137-generic
Use 'sudo apt autoremove' to remove them.
0 upgraded, 0 newly installed, 0 to remove and 404 not upgraded.
dhankar@dhankar-VPCEB44EN:/media/dhankar/Dhankar_1/a7_18/a7_18_Scrapy$ 
dhankar@dhankar-VPCEB44EN:/media/dhankar/Dhankar_1/a7_18/a7_18_Scrapy$ pip3 uninstall mitmproxy
Uninstalling mitmproxy-4.0.4:
  Would remove:
    /home/dhankar/.pyenv/versions/3.6.5/bin/mitmdump
    /home/dhankar/.pyenv/versions/3.6.5/bin/mitmproxy
    /home/dhankar/.pyenv/versions/3.6.5/bin/mitmweb
    /home/dhankar/.pyenv/versions/3.6.5/bin/pathoc
    /home/dhankar/.pyenv/versions/3.6.5/bin/pathod
    /home/dhankar/.pyenv/versions/3.6.5/lib/python3.6/site-packages/mitmproxy-4.0.4.dist-info/*
    /home/dhankar/.pyenv/versions/3.6.5/lib/python3.6/site-packages/mitmproxy/*
    /home/dhankar/.pyenv/versions/3.6.5/lib/python3.6/site-packages/pathod/*
Proceed (y/n)? y
  Successfully uninstalled mitmproxy-4.0.4
dhankar@dhankar-VPCEB44EN:/media/dhankar/Dhankar_1/a7_18/a7_18_Scrapy$ 
dhankar@dhankar-VPCEB44EN:/media/dhankar/Dhankar_1/a7_18/a7_18_Scrapy$ mitmproxy --V
############################################################################
# mitmproxy requires Python 3.6 or higher!                                 #
#                                                                          #
# Please upgrade your Python intepreter or use our mitmproxy binaries from #
# https://mitmproxy.org. If your operating system does not include the     #
# required Python version, you can try using pyenv or similar tools.       #
############################################################################
dhankar@dhankar-VPCEB44EN:/media/dhankar/Dhankar_1/a7_18/a7_18_Scrapy$ 
dhankar@dhankar-VPCEB44EN:/media/dhankar/Dhankar_1/a7_18/a7_18_Scrapy$ python --version
Python 3.6.5
dhankar@dhankar-VPCEB44EN:/media/dhankar/Dhankar_1/a7_18/a7_18_Scrapy$ pip uninstall mitmproxy
Skipping mitmproxy as it is not installed.
dhankar@dhankar-VPCEB44EN:/media/dhankar/Dhankar_1/a7_18/a7_18_Scrapy$ mitmproxy
############################################################################
# mitmproxy requires Python 3.6 or higher!                                 #
#                                                                          #
# Please upgrade your Python intepreter or use our mitmproxy binaries from #
# https://mitmproxy.org. If your operating system does not include the     #
# required Python version, you can try using pyenv or similar tools.       #
############################################################################
dhankar@dhankar-VPCEB44EN:/media/dhankar/Dhankar_1/a7_18/a7_18_Scrapy$ 