njlr commented on 26 Nov 2019
Problem Description
After I install mitmproxy using pip, I expected the command-line tools to be available. However, the installation succeeds but I cannot find them.
I can successfully install the binary packages, but these do not work with the Python plugins I plan to use.
Steps to reproduce the behavior:
$ pip3 install mitmproxy
$ mitmproxy --version
zsh: command not found: mitmproxy
$ locate mitmproxy
-
System Information
$ mitmproxy --version
zsh: command not found: mitmproxy

$ python3 --version
Python 3.6.8

$ pip3 --version
pip 19.3.1 from /usr/local/lib/python3.6/dist-packages/pip (python 3.6)

$  lsb_release -a 
LSB Version: core-9.20170808ubuntu1-noarch:printing-9.20170808ubuntu1-noarch:security-9.20170808ubuntu1-noarch
Distributor ID: Ubuntu
Description: Ubuntu 18.10
Release: 18.10
Codename: cosmic