stebunovd commented on Aug 31, 2012
C:\Users\stebunovd>pip install requests==0.13.7
Downloading/unpacking requests==0.13.7
  Downloading requests-0.13.7.tar.gz (521Kb): 521Kb downloaded
  Running setup.py egg_info for package requests

    warning: no files found matching 'tests\*.'
Installing collected packages: requests
  Found existing installation: requests 0.13.8
    Uninstalling requests:
      Successfully uninstalled requests
  Running setup.py install for requests

    warning: no files found matching 'tests\*.'
Successfully installed requests
Cleaning up...

C:\Users\stebunovd>python
Python 2.7.3 (default, Apr 10 2012, 23:31:26) [MSC v.1500 32 bit (Intel)] on win
32
Type "help", "copyright", "credits" or "license" for more information.
>>> import requests
>>> requests.get('https://web3ds.masterbank.ru/cgi-bin/cgi_link')
<Response [200]>
>>> quit()

C:\Users\stebunovd>pip install requests==0.13.8
Downloading/unpacking requests==0.13.8
  Downloading requests-0.13.8.tar.gz (522Kb): 522Kb downloaded
  Running setup.py egg_info for package requests

    warning: no files found matching 'tests\*.'
Installing collected packages: requests
  Found existing installation: requests 0.13.7
    Uninstalling requests:
      Successfully uninstalled requests
  Running setup.py install for requests

    warning: no files found matching 'tests\*.'
Successfully installed requests
Cleaning up...

C:\Users\stebunovd>python
Python 2.7.3 (default, Apr 10 2012, 23:31:26) [MSC v.1500 32 bit (Intel)] on win
32
Type "help", "copyright", "credits" or "license" for more information.
>>> import requests
>>> requests.get('https://web3ds.masterbank.ru/cgi-bin/cgi_link')
Traceback (most recent call last):
  File "<stdin>", line 1, in <module>
  File "C:\Python27\lib\site-packages\requests\api.py", line 65, in get
    return request('get', url, **kwargs)
  File "C:\Python27\lib\site-packages\requests\safe_mode.py", line 39, in wrappe
d
    return function(method, url, **kwargs)
  File "C:\Python27\lib\site-packages\requests\api.py", line 51, in request
    return session.request(method=method, url=url, **kwargs)
  File "C:\Python27\lib\site-packages\requests\sessions.py", line 243, in reques
t
    r.send(prefetch=prefetch)
  File "C:\Python27\lib\site-packages\requests\models.py", line 631, in send
    raise SSLError(e)
requests.exceptions.SSLError: [Errno 8] _ssl.c:504: EOF occurred in violation of
 protocol
>>>