htgoebel commented on May 1, 2015
When running a simple test-program frozen by PyInstaller this program fails with an ImportError: No module named 'requests.packages.chardet.sys'. The same program runs fine when run unfrozen (which means: directly from the command line).
This seams to be a problem with the import magic done in requests.packages. For some reasons requests.packages.chardet tries a relative import.
How to reproduce:
$ git clone --depth=1 https://github.com/pyinstaller/pyinstaller.git
$ cd pyinstaller
# the script runs unfrozen (well, it has an SSL-error, but no import error):
$ python tests/libraries/test_requests.py
# now freeze the application
$ cd tests/libraries/
$ ../../pyinstaller.py test_requests.py
# the frozen app fails:
$ dist/test_requests/test_requests
[...]
  File "/tmp/pyinstaller/PyInstaller/loader/pyi_importers.py", line 276, in load_module
    exec(bytecode, module.__dict__)
  File "/tmp/pyinstaller/tests/libraries/build/test_requests/out00-PYZ.pyz/requests.packages.chardet", line 19, in <module>
  File "/tmp/pyinstaller/tests/libraries/build/test_requests/out00-PYZ.pyz/requests.packages", line 95, in load_module
ImportError: No module named 'requests.packages.chardet.sys'
Tested with requests version = '2.6.0', build = 0x020503 and Python 2.7.9