marespiaut commented 8 days ago
On Arch Linux, with Python 3.8.1, using requests v2.22.0, both from the distribution repository, and from pip, requests.Session() returns an error.
Expected Result
requests.Session() return a Session.
Actual Result
$ python
Python 3.8.1 (default, Jan 22 2020, 06:38:00)
[GCC 9.2.0] on linux
Type "help", "copyright", "credits" or "license" for more information.
>>> import requests
>>> requests.Session()
Traceback (most recent call last):
  File "<stdin>", line 1, in <module>
AttributeError: module 'requests' has no attribute 'Session'
Reproduction Steps
Installing requests from the distribution packages, or from pip
import requests
requests.Session()
System Information
$ python -m requests.help
/usr/bin/python: Error while finding module specification for 'requests.help' (ModuleNotFoundError: __path__ attribute not found on 'requests' while trying to find 'requests.help')
Operating system
Arch Linux
$ uname -a
Linux mydesktop 5.4.15-zen1-1-zen #1 ZEN SMP PREEMPT Sun, 26 Jan 2020 09:48:57 +0000 x86_64 GNU/Linux
Python version
$ python
Python 3.8.1 (default, Jan 22 2020, 06:38:00)
[GCC 9.2.0] on linux
Type "help", "copyright", "credits" or "license" for more information.
>>>
requests version
$ pip show requests
Name: requests
Version: 2.22.0
Summary: Python HTTP for Humans.
Home-page: http://python-requests.org
Author: Kenneth Reitz
Author-email: me@kennethreitz.org
License: Apache 2.0
Location: /usr/lib/python3.8/site-packages
Requires: urllib3, certifi, chardet, idna
Required-by: Kivy-Garden, CacheControl
Additional information
I have already tried to uninstall completely and reinstall requests.