hwine commented on 13 Jun 2017
I installed pew & pip via pipsi, following the instructions for fancy installation.
With that setup, shell completion fails following the shell completion instructions:
$ . ~/.local/venvs/pipenv/bin/activate
$ pip freeze | grep jin
You are using pip version 7.1.2, however version 9.0.1 is available.
You should consider upgrading via the 'pip install --upgrade pip' command.
$ deactivate
$ env _PIPENV_COMPLETE=source-bash pipenv
Traceback (most recent call last):
  File "/Users/hwine/.local/bin/pipenv", line 11, in <module>
    sys.exit(cli())
  File "/Users/hwine/.local/venvs/pipenv/lib/python2.7/site-packages/pipenv/vendor/click/core.py", line 722, in __call__
    return self.main(*args, **kwargs)
  File "/Users/hwine/.local/venvs/pipenv/lib/python2.7/site-packages/pipenv/vendor/click/core.py", line 692, in main
    _bashcomplete(self, prog_name, complete_var)
  File "/Users/hwine/.local/venvs/pipenv/lib/python2.7/site-packages/pipenv/vendor/click_completion.py", line 299, in _shellcomplete
    echo(get_code('bash', prog_name, complete_var))
  File "/Users/hwine/.local/venvs/pipenv/lib/python2.7/site-packages/pipenv/vendor/click_completion.py", line 385, in get_code
    from jinja2 import Template
ImportError: No module named jinja2
Various versions:
$ pew version
0.1.26
$ pipenv --version
pipenv, version 5.0.0
$ uname -a
Darwin hwin-28520.local 16.6.0 Darwin Kernel Version 16.6.0: Fri Apr 14 16:21:16 PDT 2017; root:xnu-3789.60.24~6/RELEASE_X86_64 x86_64