RohanRadia commented on 3 Apr 2019 •
edited by frostming
Issue description
Getting the error:
C:\Users\rohan\Desktop\pipenv test>pipenv install requests
Warning: Your Pipfile requires python_version 3.6, but you are using 3.7.3 (C:\Users\rohan\.\r\S\python.exe).
  $ pipenv --rm and rebuilding the virtual environment may resolve the issue.
  $ pipenv check will surely fail.
Installing requests…
Adding requests to Pipfile's [packages]…
Installation Succeeded
Pipfile.lock not found, creating…
Locking [dev-packages] dependencies…
Locking [packages] dependencies…
Locking Failed!
Traceback (most recent call last):
  File "c:/users/rohan/appdata/local/programs/python/python37/lib/site-packages/pipenv/resolver.py", line 3, in <module>
    import json
ModuleNotFoundError: No module named 'json'
File "c:/users/rohan/appdata/local/programs/python/python37/lib/site-packages/pipenv/resolver.py", line 3, in <module>
    import json
ModuleNotFoundError: No module named 'json'
Been trying to fix it for hours with staff on the Python Discord server with 15,000 members. After 2 hours they sent me here.
Expected result
To install requests...
Actual result
C:\Users\rohan\Desktop\pipenv test>pipenv install --verbose requests
Warning: Your Pipfile requires python_version 3.6, but you are using 3.7.3 (C:\Users\rohan\.\r\S\python.exe).
  $ pipenv --rm and rebuilding the virtual environment may resolve the issue.
  $ pipenv check will surely fail.
Installing requests…
[    ] Installing...Installing 'requests'
$ ['C:\\Users\\rohan\\.virtualenvs\\rohan-D2oimpxC\\Scripts\\pip.exe', 'install', '--verbose', '--upgrade', 'requests', '-i', 'https://pypi.org/simple']
Adding requests to Pipfile's [packages]…
Installation Succeeded
Pipfile.lock not found, creating…
Locking [dev-packages] dependencies…
Locking [packages] dependencies…
Locking Failed!
Traceback (most recent call last):
  File "c:/users/rohan/appdata/local/programs/python/python37/lib/site-packages/pipenv/resolver.py", line 3, in <module>
    import json
ModuleNotFoundError: No module named 'json'
File "c:/users/rohan/appdata/local/programs/python/python37/lib/site-packages/pipenv/resolver.py", line 3, in <module>
    import json
ModuleNotFoundError: No module named 'json'
Steps to replicate
No Pipfile created
Please run $ pipenv --support, and paste the results here. Don't put backticks (`) around it! The output already contains Markdown formatting.
C:\Users\rohan\Desktop\pipenv test>pipenv --support
$ pipenv --support
C:\Users\rohan\Desktop\pipenv test>
If you're on macOS, run the following:
$ pipenv --support | pbcopy
If you're on Windows, run the following:
> pipenv --support | clip
If you're on Linux, run the following:
$ pipenv --support | xclip