mcintyre94 commented on 27 Jun 2018 â€¢
edited
Adding a setup.cfg stops pipenv functioning. Specifically I'm following instructions here: https://docs.aws.amazon.com/lambda/latest/dg/lambda-python-how-to-create-deployment-package.html (ctrl+f prefix), so I've added this setup.cfg:
[install]
prefix= 
$ python -m pipenv.help
/usr/local/opt/python/bin/python3.6: Error while finding module specification for 'pipenv.help' (ModuleNotFoundError: No module named 'pipenv')
^ I'm guessing this is an unrelated homebrew bug? Is this equivalent to pipenv --help? Happy to run whichever command is equivalent and provide output.
$ pipenv --version
pipenv, version 2018.6.25 pipenv, version 2018.6.25
Expected result
For that setup.cfg to not impact my ability to install packages using pipenv.
Actual result
pipenv install boto3
It looks to me that something is causing pipenv to use the wrong Python here?
$ pipenv --py
/Users/callummcintyre/.local/share/virtualenvs/pipenv-repro2-rD6EbF_-/bin/python
Steps to replicate
$ mkdir pipenv-repro && cd pipenv-repro
$ pipenv install
$ printf "[install]\nprefix=\n" > setup.cfg
$ cat setup.cfg
[install]
prefix=
$ pipenv install boto3
(Produces error + output produced above)