haizaar commented on 2 Nov 2018 â€¢
edited
Be sure to check the existing issues (both open and closed!), and make sure you are running the latest version of Pipenv.
Check the diagnose documentation for common issues before posting! We may close your issue if it is very similar to one of them. Please be considerate, or be on your way.
Make sure to mention your debugging experience if the documented solution failed.
Issue description
Pipenv does not lock dependencies when installing from URL:
mkdir /tmp/repro; cd /tmp/repro
$ pipenv install https://github.com/haizaar/uberlogging/archive/v0.0.1.tar.gz#egg=uberlogging
Installing https://github.com/haizaar/uberlogging/archive/v0.0.1.tar.gz#egg=uberloggingâ€¦
Collecting uberlogging from https://github.com/haizaar/uberlogging/archive/v0.0.1.tar.gz#egg=uberlogging
  Downloading https://github.com/haizaar/uberlogging/archive/v0.0.1.tar.gz
Collecting coloredlogs (from uberlogging)
  Using cached https://files.pythonhosted.org/packages/08/0f/7877fc42fff0b9d70b6442df62d53b3868d3a6ad1b876bdb54335b30ff23/coloredlogs-10.0-py2.py3-none-any.whl
Collecting structlog (from uberlogging)
  Using cached https://files.pythonhosted.org/packages/f0/00/0fd0ca13fa19361bec0418e4c3b6b7509048cb1fb2fa8b7cd6b3dffe13d8/structlog-18.2.0-py2.py3-none-any.whl
Collecting humanfriendly (from uberlogging)
  Using cached https://files.pythonhosted.org/packages/79/1e/13d96248e3fcaa7777b61fa889feab44865c85e524bbd667acfa0d8b66e3/humanfriendly-4.17-py2.py3-none-any.whl
Collecting python-json-logger (from uberlogging)
  Using cached https://files.pythonhosted.org/packages/3a/ed/2ba5a2dfce45fa67e0588dd6457b59ffdef7f1fdcd2c1152e085e3c9a726/python_json_logger-0.1.9-py2.py3-none-any.whl
Collecting six (from structlog->uberlogging)
  Using cached https://files.pythonhosted.org/packages/67/4b/141a581104b1f6397bfa78ac9d43d8ad29a7ca43ea90a2d863fe3056e86a/six-1.11.0-py2.py3-none-any.whl
Requirement already satisfied, skipping upgrade: setuptools in /home/haizaar/dev/venvs/repro-2muHjEV7/lib/python3.6/site-packages (from python-json-logger->uberlogging) (40.5.0)
Building wheels for collected packages: uberlogging
  Running setup.py bdist_wheel for uberlogging: started
  Running setup.py bdist_wheel for uberlogging: finished with status 'done'
  Stored in directory: /tmp/pip-ephem-wheel-cache-nu1_rfr7/wheels/36/90/05/3401129e52691bdd63e46f78b4761dca1ff6a0c3abcb57575d
Successfully built uberlogging
Installing collected packages: humanfriendly, coloredlogs, six, structlog, python-json-logger, uberlogging
Successfully installed coloredlogs-10.0 humanfriendly-4.17 python-json-logger-0.1.9 six-1.11.0 structlog-18.2.0 uberlogging-0.0.1

Adding uberlogging to Pipfile's [packages]â€¦
Pipfile.lock not found, creatingâ€¦
Locking [dev-packages] dependenciesâ€¦
Locking [packages] dependenciesâ€¦
Updated Pipfile.lock (e3fb42)!
Installing dependencies from Pipfile.lock (e3fb42)â€¦
  ðŸ   â–‰â–‰â–‰â–‰â–‰â–‰â–‰â–‰â–‰â–‰â–‰â–‰â–‰â–‰â–‰â–‰â–‰â–‰â–‰â–‰â–‰â–‰â–‰â–‰â–‰â–‰â–‰â–‰â–‰â–‰â–‰â–‰ 1/1 â€” 00:00:03
Only one dependency is locked, which is already suspicious, and indeed Pipfile.lock only contains:
{
    "_meta": {
        "hash": {
            "sha256": "c244596befb340cb024baad8aee4ee9c2d66d19ef39c1c07dcc43024a8e3fb42"
        },
        "pipfile-spec": 6,
        "requires": {
            "python_version": "3.6"
        },
        "sources": [
            {
                "name": "pypi",
                "url": "https://pypi.org/simple",
                "verify_ssl": true
            }
        ]
    },
    "default": {
        "uberlogging": {
            "file": "https://github.com/haizaar/uberlogging/archive/v0.0.1.tar.gz"
        }
    },
    "develop": {}
}
However pipenv graph show the dependencies properly:
$ pipenv graph
uberlogging==0.0.1
  - coloredlogs [required: Any, installed: 10.0]
    - humanfriendly [required: >=4.7, installed: 4.17]
  - humanfriendly [required: Any, installed: 4.17]
  - python-json-logger [required: Any, installed: 0.1.9]
    - setuptools [required: Any, installed: 40.5.0]
  - structlog [required: Any, installed: 18.2.0]
    - six [required: Any, installed: 1.11.0]
Expected result
Dependencies should have appeared in the Pipfile.lock.
Actual result
$ pipenv lock --verbose
Locking [dev-packages] dependenciesâ€¦
Locking [packages] dependenciesâ€¦
Updated Pipfile.lock (e3fb42)!
$ cat Pipfile.lock | jq .default
{
  "uberlogging": {
    "file": "https://github.com/haizaar/uberlogging/archive/v0.0.1.tar.gz"
  }
}
$ pipenv --support