paradoxxxzero commented on 13 Mar 2018
On a clean environment, I get this behavior:
$ pipenv install
Creating a virtualenv for this project‚Ä¶
Using /usr/bin/python (3.6.4) to create virtualenv‚Ä¶
‚†ãAlready using interpreter /usr/bin/python
Using base prefix '/usr'
New python executable in /[path]/.local/share/virtualenvs/pipenv-zOUKMwd0/bin/python
Installing setuptools, pip, wheel...done.

Virtualenv location: /[path]/.local/share/virtualenvs/pipenv-zOUKMwd0
Creating a Pipfile for this project‚Ä¶
Pipfile.lock not found, creating‚Ä¶
Locking [dev-packages] dependencies‚Ä¶
Locking [packages] dependencies‚Ä¶
Updated Pipfile.lock (625834)!
Installing dependencies from Pipfile.lock (625834)‚Ä¶
  üêç   ‚ñâ‚ñâ‚ñâ‚ñâ‚ñâ‚ñâ‚ñâ‚ñâ‚ñâ‚ñâ‚ñâ‚ñâ‚ñâ‚ñâ‚ñâ‚ñâ‚ñâ‚ñâ‚ñâ‚ñâ‚ñâ‚ñâ‚ñâ‚ñâ‚ñâ‚ñâ‚ñâ‚ñâ‚ñâ‚ñâ‚ñâ‚ñâ 0/0 ‚Äî 00:00:00
To activate this project's virtualenv, run the following:
 $ pipenv shell
$ pipenv install requests
Installing requests‚Ä¶
Collecting requests
  Using cached requests-2.18.4-py2.py3-none-any.whl
Collecting idna<2.7,>=2.5 (from requests)
  Using cached idna-2.6-py2.py3-none-any.whl
Collecting urllib3<1.23,>=1.21.1 (from requests)
  Using cached urllib3-1.22-py2.py3-none-any.whl
Collecting chardet<3.1.0,>=3.0.2 (from requests)
  Using cached chardet-3.0.4-py2.py3-none-any.whl
Collecting certifi>=2017.4.17 (from requests)
  Using cached certifi-2018.1.18-py2.py3-none-any.whl
Installing collected packages: idna, urllib3, chardet, certifi, requests
Successfully installed certifi-2018.1.18 chardet-3.0.4 idna-2.6 requests-2.18.4 urllib3-1.22

Adding requests to Pipfile's [packages]‚Ä¶
Pipfile.lock (625834) out of date, updating to (7b8df8)‚Ä¶
Locking [dev-packages] dependencies‚Ä¶
Locking [packages] dependencies‚Ä¶
Updated Pipfile.lock (7b8df8)!
Installing dependencies from Pipfile.lock (7b8df8)‚Ä¶
  üêç   ‚ñâ‚ñâ‚ñâ‚ñâ‚ñâ‚ñâ‚ñâ‚ñâ‚ñâ‚ñâ‚ñâ‚ñâ‚ñâ‚ñâ‚ñâ‚ñâ‚ñâ‚ñâ‚ñâ‚ñâ‚ñâ‚ñâ‚ñâ‚ñâ‚ñâ‚ñâ‚ñâ‚ñâ‚ñâ‚ñâ‚ñâ‚ñâ 5/5 ‚Äî 00:00:00
To activate this project's virtualenv, run the following:
 $ pipenv shell
$ ls
Pipfile  Pipfile.lock
$ pipenv update --outdated
$ ls
Pipfile
$ pipenv --version
pipenv, version 11.6.1
Is it intentional? This seems weird.