hnykda commented on 23 Jan 2017 â€¢
edited
Hey,
nice work - is there any plan to use this as a default in Python?
I have a problem using this though. I have Anaconda installed - when I activate some environment and install pipenv, it fails to create env. Here is full example:
$ source activate mathbs  # my anaconda env
$ pip install pipenv
Collecting pipenv
  Downloading pipenv-0.2.4.tar.gz
...  # truncated
Installing collected packages: colorama, crayons, toml, virtualenv, delegator.py, requirements-parser, pipenv
Successfully installed colorama-0.3.7 crayons-0.1.1 delegator.py-0.0.6 pipenv-0.2.4 requirements-parser-0.1.0 toml-0.9.2 virtualenv-15.1.0
You are using pip version 8.1.1, however version 9.0.1 is available.
You should consider upgrading via the 'pip install --upgrade pip' command.
(mathbs) 
dan at 530uarch in ~/tst 
$ pipenv install requests
Creating a Pipfile for this project...
Creating a virtualenv for this project...
Using base prefix '/home/dan/.local/opt/miniconda3/envs/mathbs'
New python executable in /home/dan/tst/.venv/bin/python
/home/dan/tst/.venv/bin/python: error while loading shared libraries: libpython3.5m.so.1.0: cannot open shared object file: No such file or directory
ERROR: The executable /home/dan/tst/.venv/bin/python is not functioning
ERROR: It thinks sys.prefix is '/home/dan/tst' (should be '/home/dan/tst/.venv')
ERROR: virtualenv is not compatible with this system or executable

Virtualenv location: /home/dan/tst/.venv
Installing requests...

Error:  An error occured while installing requests
/bin/sh: /home/dan/tst/.venv/bin/pip: No such file or directory
Some info about the system:
dan at 530uarch in ~/tst 
$ python --version
Python 3.5.1 :: Continuum Analytics, Inc.
(mathbs) 
dan at 530uarch in ~/tst 
$ cat /etc/lsb-release 
LSB_VERSION=1.4
DISTRIB_ID=Arch
DISTRIB_RELEASE=rolling
DISTRIB_DESCRIPTION="Arch Linux"