skebanga commented on 3 Aug 2018
Running pipenv install with a populated Pipfile doesn't actually install any of the listed packages.
Reproduction steps:
I have an directory which contains nothing but a Pipfile:
$ ls -la
total 32
drwxr-xr-x 5 steve steve 4096 Aug  3 12:33 .
drwxr-xr-x 9 steve steve 4096 Aug  3 12:00 ..
-rw-r--r-- 1 steve steve  316 Aug  3 12:23 Pipfile
Here is the contents of the Pipfile:
$ cat Pipfile 
[[source]]
url = "https://pypi.org/simple"
verify_ssl = true
name = "pypi"

[dev-packages]
jupyter = "*"

[packages]
pandas = "==0.19.2"
numpy = "*"
"psycopg2" = "*"
pyyaml = "*"
pp-ez = "*"
pprintpp = "*"
matplotlib = "*"
seaborn = "*"
sqlalchemy = "*"
ipdb = "*"
ipykernel = "*"

[requires]
python_version = "3.6"
I am installing the virtualenv into my project directory:
$ export PIPENV_VENV_IN_PROJECT=1
As per the documentation, I run pipenv install to install everything specified in the Pipfile:
$ pipenv install
Creating a virtualenv for this project…
Using /usr/bin/python3.6m (3.6.5) to create virtualenv…
⠋Running virtualenv with interpreter /usr/bin/python3.6m
Using base prefix '/usr'
New python executable in /home/steve/src/vc/jack.daniels/.venv/bin/python3.6m
Also creating executable in /home/steve/src/vc/jack.daniels/.venv/bin/python
Installing setuptools, pip, wheel...done.

Virtualenv location: /home/steve/src/vc/jack.daniels/.venv
Pipfile.lock not found, creating…
Locking [dev-packages] dependencies…
Locking [packages] dependencies…
But nothing gets installed:
$ ls -la .venv/lib/python3.6/site-packages/
total 44
drwxr-xr-x 10 steve steve 4096 Aug  3 12:35 .
drwxr-xr-x  4 steve steve 4096 Aug  3 12:35 ..
-rw-r--r--  1 steve steve  126 Aug  3 12:35 easy_install.py
drwxr-xr-x  5 steve steve 4096 Aug  3 12:35 pip
drwxr-xr-x  2 steve steve 4096 Aug  3 12:35 pip-18.0.dist-info
drwxr-xr-x  5 steve steve 4096 Aug  3 12:35 pkg_resources
drwxr-xr-x  2 steve steve 4096 Aug  3 12:35 __pycache__
drwxr-xr-x  6 steve steve 4096 Aug  3 12:35 setuptools
drwxr-xr-x  2 steve steve 4096 Aug  3 12:35 setuptools-40.0.0.dist-info
drwxr-xr-x  5 steve steve 4096 Aug  3 12:35 wheel
drwxr-xr-x  2 steve steve 4096 Aug  3 12:35 wheel-0.31.1.dist-info
This is further evidenced by entering the shell, starting python, and attempting to import one of the packages:
$ pipenv shell
Spawning environment shell (/bin/bash). Use 'exit' to leave.
$ . /home/steve/src/vc/jack.daniels/.venv/bin/activate
$ python
Python 3.6.5 (default, Apr  1 2018, 05:46:30) 
[GCC 7.3.0] on linux
Type "help", "copyright", "credits" or "license" for more information.
>>> import pandas
Traceback (most recent call last):
  File "<stdin>", line 1, in <module>
ModuleNotFoundError: No module named 'pandas'
>>> 
I'm running version 2018.05.18
$ pipenv --version
pipenv, version 2018.05.18
Please run $ pipenv --support, and paste the results here. Don't put backticks (`) around it! The output already contains Markdown formatting.
$ pipenv --support
Error: no such option: --support