Contributor
hroncok commented on 11 Oct 2018 â€¢
edited
Issue description
If dogpile.cache is in Pipefile(.lock) or if you try to pipenv install it, pipenv 2018.10.9 tries to install dogpile-cache and fails.
Expected result
Installs dogpile.cache.
Actual result
An error occurred while installing dogpile-cache==0.6.5 --hash=sha256:631197e78b4471bb0e93d0a86264c45736bc9ae43b4205d581dcc34fbe9b5f31! Will try again.
Installing initially failed dependenciesâ€¦
Collecting dogpile-cache==0.6.5 
  Could not find a version that satisfies the requirement dogpile-cache==0.6.5 (from -r /tmp/pipenv-4u4ixf4v-requirements/pipenv-5zh451ms-requirement.txt (line 1)) (from versions: )
No matching distribution found for dogpile-cache==0.6.5 (from -r /tmp/pipenv-4u4ixf4v-requirements/pipenv-5zh451ms-requirement.txt (line 1))
Steps to replicate
Provide the steps to replicate (which usually at least includes the commands and the Pipfile).
$ python3.7 -m venv __venv__
$ . __venv__/bin/activate
(__venv__) $ pip --version
pip 18.0 from ...tmp/__venv__/lib64/python3.7/site-packages/pip (python 3.7)
(__venv__) $ pip install pipenv==2018.10.9
...
Successfully installed certifi-2018.8.24 pipenv-2018.10.9 virtualenv-16.0.0 virtualenv-clone-0.3.0
You are using pip version 18.0, however version 18.1 is available.
You should consider upgrading via the 'pip install --upgrade pip' command.
(__venv__) $ pipenv install dogpile.cache
Installing dogpile.cacheâ€¦
Collecting dogpile-cache

Error:  An error occurred while installing dogpile.cache!
  Could not find a version that satisfies the requirement dogpile-cache (from versions: )
No matching distribution found for dogpile-cache
You are using pip version 18.0, however version 18.1 is available.
You should consider upgrading via the 'pip install --upgrade pip' command.
However:
$ python3.7 -m venv __venv__
$ . __venv__/bin/activate
(__venv__) $ pip --version
pip 18.0 from ...tmp/__venv__/lib64/python3.7/site-packages/pip (python 3.7)
(__venv__) $ pip install 'pipenv<2018.10.9'
...
Successfully installed certifi-2018.8.24 pipenv-2018.7.1 virtualenv-16.0.0 virtualenv-clone-0.3.0
You are using pip version 18.0, however version 18.1 is available.
You should consider upgrading via the 'pip install --upgrade pip' command.
(__venv__) $ pipenv install dogpile.cache
Installing dogpile.cache...
Collecting dogpile.cache
  Downloading https://files.pythonhosted.org/packages/ee/bd/440da735a11c6087eed7cc8747fc4b995cbac2464168682f8ee1c8e43844/dogpile.cache-0.6.7.tar.gz (323kB)
Installing collected packages: dogpile.cache
  Running setup.py install for dogpile.cache: started
    Running setup.py install for dogpile.cache: finished with status 'done'
Successfully installed dogpile.cache-0.6.7

Adding dogpile.cache to Pipfile's [packages]...
Pipfile.lock not found, creating...
Locking [dev-packages] dependencies...
Locking [packages] dependencies...
Updated Pipfile.lock (528fa6)!
Installing dependencies from Pipfile.lock (528fa6)...
  ðŸ   â–‰â–‰â–‰â–‰â–‰â–‰â–‰â–‰â–‰â–‰â–‰â–‰â–‰â–‰â–‰â–‰â–‰â–‰â–‰â–‰â–‰â–‰â–‰â–‰â–‰â–‰â–‰â–‰â–‰â–‰â–‰â–‰ 1/1 â€” 0
$ pipenv --support