jakul commented on 9 Mar 2018 ‚Ä¢
edited
Describe your environment
OS Type: Mac OS
Python version: 3.6.4
Pipenv version: 11.1.3
Expected result
Console output for requests
Actual result
No console output
Steps to replicate
$ pipenv install requests
$ pipenv lock -r --verbose
craig@amogato2:/tmp
$ pipenv install requests
Creating a virtualenv for this project‚Ä¶
‚†ãUsing real prefix '/usr/local/Cellar/python/3.6.4_3/Frameworks/Python.framework/Versions/3.6'
New python executable in /Users/craig/.virtualenvs/tmp-agwWamBd/bin/python3.6
Also creating executable in /Users/craig/.virtualenvs/tmp-agwWamBd/bin/python
Installing setuptools, pip, wheel...done.

Virtualenv location: /Users/craig/.virtualenvs/tmp-agwWamBd
Creating a Pipfile for this project‚Ä¶
Installing requests‚Ä¶
Collecting requests
  Using cached requests-2.18.4-py2.py3-none-any.whl
Collecting idna<2.7,>=2.5 (from requests)
  Using cached idna-2.6-py2.py3-none-any.whl
Collecting certifi>=2017.4.17 (from requests)
  Using cached certifi-2018.1.18-py2.py3-none-any.whl
Collecting urllib3<1.23,>=1.21.1 (from requests)
  Using cached urllib3-1.22-py2.py3-none-any.whl
Collecting chardet<3.1.0,>=3.0.2 (from requests)
  Using cached chardet-3.0.4-py2.py3-none-any.whl
Installing collected packages: idna, certifi, urllib3, chardet, requests
Successfully installed certifi-2018.1.18 chardet-3.0.4 idna-2.6 requests-2.18.4 urllib3-1.22

Adding requests to Pipfile's [packages]‚Ä¶
Pipfile.lock not found, creating‚Ä¶
Locking [dev-packages] dependencies‚Ä¶
Locking [packages] dependencies‚Ä¶
Updated Pipfile.lock (7b8df8)!
Installing dependencies from Pipfile.lock (7b8df8)‚Ä¶
  üêç   ‚ñâ‚ñâ‚ñâ‚ñâ‚ñâ‚ñâ‚ñâ‚ñâ‚ñâ‚ñâ‚ñâ‚ñâ‚ñâ‚ñâ‚ñâ‚ñâ‚ñâ‚ñâ‚ñâ‚ñâ‚ñâ‚ñâ‚ñâ‚ñâ‚ñâ‚ñâ‚ñâ‚ñâ‚ñâ‚ñâ‚ñâ‚ñâ 5/5 ‚Äî 00:00:00
To activate this project's virtualenv, run the following:
 $ pipenv shell

craig@amogato2:/tmp
$ cat Pipfile
[[source]]

url = "https://pypi.python.org/simple"
verify_ssl = true
name = "pypi"


[packages]

requests = "*"


[dev-packages]



[requires]

python_version = "3.6"

craig@amogato2:/tmp
$ pipenv lock -r --verbose