rdpoor commented on 12 Nov 2018
Issue description
pipenv uninstall foobarbaz 
fails with
TypeError: resolve_deps() got an unexpected keyword argument 'verbose'
Expected result
Graceful exit
Actual result
$ pipenv uninstall nameofpackagethatdoesnotexist --verbose
Un-installing nameofpackagethatdoesnotexist…
$ "/Users/r/.local/share/virtualenvs/server-PODi6OAI/bin/pip" uninstall nameofpackagethatdoesnotexist -y

No package foobarbaz to remove from Pipfile.
Locking [dev-packages] dependencies…
1, in main
    clear=do_clear,
  File "/usr/local/lib/python2.7/site-packages/pipenv/resolver.py", line 63, in resolve
    verbose=verbose,
TypeError: resolve_deps() got an unexpected keyword argument 'verbose'
Steps to replicate
$ pipenv uninstall nameofpackagethatdoesnotexist
$ pipenv --support
Error: no such option: --support
(Maybe I should file another bug report! :) But:
$ python --version
Python 3.7.1
$ pipenv --version
pipenv, version 11.9.0
$ sw_vers
ProductName: Mac OS X
ProductVersion: 10.14
BuildVersion: 18A391