tsbertalan commented on 24 Jan 2017
tsbertalan@sindri:~$ sudo pip install pipenv
... snip ...
tsbertalan@sindri:~$ cd dirname\ with\ spaces/
tsbertalan@sindri:~/dirname with spaces$ pipenv shell
Creating a Pipfile for this project...
Creating a virtualenv for this project...
New python executable in /home/tsbertalan/dirname with spaces/.venv/bin/python
Installing setuptools, pip, wheel...done.

Virtualenv location: /home/tsbertalan/dirname with spaces/.venv
Spawning environment shell (/bin/bash).
/bin/bash: /home/tsbertalan/dirname: No such file or directory
tsbertalan@sindri:~$ cd dirname\ with\ spaces/
tsbertalan@sindri:~/dirname with spaces$ pipenv shell
Creating a Pipfile for this project...
Creating a virtualenv for this project...
New python executable in /home/tsbertalan/dirname with spaces/.venv/bin/python
Installing setuptools, pip, wheel...done.

Virtualenv location: /home/tsbertalan/dirname with spaces/.venv
Spawning environment shell (/bin/bash).
/bin/bash: /home/tsbertalan/dirname: No such file or directory