rr- commented on 27 Apr 2018
$ python -m pipenv.help output
Expected result
I'm able to install ffms.
Actual result
I'm unable to install ffms because pipenv says there's conflict in dependencies. But it has only one dependency, numpy‚Ä¶
I'm able to install ffms just fine via pip.
Steps to replicate
rr-@localhost:~$ mkdir test
rr-@localhost:~$ cd test
rr-@localhost:~/test$ pipenv install ffms
Creating a virtualenv for this project‚Ä¶
Using /usr/bin/python (3.6.5) to create virtualenv‚Ä¶
‚†ãAlready using interpreter /usr/bin/python
Using base prefix '/usr'
New python executable in /home/rr-/.local/share/virtualenvs/test-yU0AATTd/bin/python
Installing setuptools, pip, wheel...done.

Virtualenv location: /home/rr-/.local/share/virtualenvs/test-yU0AATTd
Creating a Pipfile for this project‚Ä¶
Installing ffms‚Ä¶
Collecting ffms
Collecting numpy (from ffms)
  Using cached https://files.pythonhosted.org/packages/6e/dc/92c0f670e7b986829fc92c4c0208edb9d72908149da38ecda50d816ea057/numpy-1.14.2-cp36-cp36m-manylinux1_x86_64.whl
Installing collected packages: numpy, ffms
Successfully installed ffms-0.3a2 numpy-1.14.2

Adding ffms to Pipfile's [packages]‚Ä¶
Pipfile.lock not found, creating‚Ä¶
Locking [dev-packages] dependencies‚Ä¶
Locking [packages] dependencies‚Ä¶

Warning: Your dependencies could not be resolved. You likely have a mismatch in your sub-dependencies.
  You can use $ pipenv install --skip-lock to bypass this mechanism, then run $ pipenv graph to inspect the situation.Hint: try $ pipenv lock --pre if it is a pre-release dependency
Could not find a version that matches ffms
Tried: 0.3a2
There are incompatible versions in the resolved dependencies.

rr-@localhost:~/test$ pipenv install --skip-lock
Installing dependencies from Pipfile‚Ä¶
  üêç   ‚ñâ‚ñâ‚ñâ‚ñâ‚ñâ‚ñâ‚ñâ‚ñâ‚ñâ‚ñâ‚ñâ‚ñâ‚ñâ‚ñâ‚ñâ‚ñâ‚ñâ‚ñâ‚ñâ‚ñâ‚ñâ‚ñâ‚ñâ‚ñâ‚ñâ‚ñâ‚ñâ‚ñâ‚ñâ‚ñâ‚ñâ‚ñâ 1/1 ‚Äî 00:00:00
To activate this project's virtualenv, run the following:
 $ pipenv shell
rr-@localhost:~/test$ pipenv graph
ffms==0.3a2
  - numpy [required: Any, installed: 1.14.2]