stefangotz commented on 25 Jul 2018
Issue description
When I attempt to use pipenv install, it does not create a virtual environment and reports a UnicodeDecodeError. Nevertheless, it seems to still run all package management operations in the global Python environment. One could be led to believe that this might not be entirely unrelated to the German umlaut in the path name of my Windows home directory.
Expected result
Well, I guess that, from my understanding of the documentation, I expect that pipenv install creates a venv and installs the requested package in that venv.
Actual result
As per issue description.
Steps to replicate
Install Python 3.7 64-bit on Windows and then the following commands on the command line:
C:\Users\StefanGötz>py --version
Python 3.7.0

C:\Users\StefanGötz>py -m pip list
Package    Version
---------- -------
pip        10.0.1
setuptools 39.0.1
You are using pip version 10.0.1, however version 18.0 is available.
You should consider upgrading via the 'python -m pip install --upgrade pip' command.

C:\Users\StefanGötz>py -m pip list --user
You are using pip version 10.0.1, however version 18.0 is available.
You should consider upgrading via the 'python -m pip install --upgrade pip' command.

C:\Users\StefanGötz>py -m pip install --upgrade --user pip
Collecting pip
  Using cached https://files.pythonhosted.org/packages/5f/25/e52d3f31441505a5f3af41213346e5b6c221c9e086a166f3703d2ddaf940/pip-18.0-py2.py3-none-any.whl
Installing collected packages: pip
Successfully installed pip-18.0

C:\Users\StefanGötz>py -m pip list --user
Package Version
------- -------
pip     18.0

C:\Users\StefanGötz>py -m pip install --upgrade --user pipenv
Collecting pipenv
  Using cached https://files.pythonhosted.org/packages/eb/64/9b2747d54f2008ac3dfe86c0b1c8ec126042726fd8a540d5208d26732701/pipenv-2018.7.1-py3-none-any.whl
Collecting virtualenv-clone>=0.2.5 (from pipenv)
  Using cached https://files.pythonhosted.org/packages/6d/c2/dccb5ccf599e0c5d1eea6acbd058af7a71384f9740179db67a9182a24798/virtualenv_clone-0.3.0-py2.py3-none-any.whl
Collecting certifi (from pipenv)
  Using cached https://files.pythonhosted.org/packages/7c/e6/92ad559b7192d846975fc916b65f667c7b8c3a32bea7372340bfe9a15fa5/certifi-2018.4.16-py2.py3-none-any.whl
Requirement already satisfied, skipping upgrade: pip>=9.0.1 in c:\users\stefangötz\appdata\roaming\python\python37\site-packages (from pipenv) (18.0)
Collecting virtualenv (from pipenv)
  Using cached https://files.pythonhosted.org/packages/b6/30/96a02b2287098b23b875bc8c2f58071c35d2efe84f747b64d523721dc2b5/virtualenv-16.0.0-py2.py3-none-any.whl
Requirement already satisfied, skipping upgrade: setuptools>=36.2.1 in c:\python37\lib\site-packages (from pipenv) (39.0.1)
Installing collected packages: virtualenv-clone, certifi, virtualenv, pipenv
Successfully installed certifi-2018.4.16 pipenv-2018.7.1 virtualenv-16.0.0 virtualenv-clone-0.3.0

C:\Users\StefanGötz>mkdir pipenvtest

C:\Users\StefanGötz>cd pipenvtest

C:\Users\StefanGötz\pipenvtest>py -m pipenv install --verbose psutil
Creating a virtualenv for this project...
Pipfile: C:\Users\StefanGötz\pipenvtest\Pipfile
Using C:\Python37\python.exe (3.7.0) to create virtualenv...
Already using interpreter C:\Python37\python.exe
Using base prefix 'C:\\Python37'
C:\Users\StefanGötz\AppData\Roaming\Python\Python37\site-packages\virtualenv.py:1041: DeprecationWarning: the imp module is deprecated in favour of importlib; see the module's documentation for alternative uses
  import imp
New python executable in C:\Users\StefanGötz\.virtualenvs\pipenvtest-2SU67rvZ\Scripts\python.exe
Installing setuptools, pip, wheel...done.
Traceback (most recent call last):
  File "C:\Users\StefanGötz\AppData\Roaming\Python\Python37\site-packages\virtualenv.py", line 770, in call_subprocess
    line = line.decode(encoding)
UnicodeDecodeError: 'utf-8' codec can't decode byte 0xf6 in position 34: invalid start byte

During handling of the above exception, another exception occurred:

Traceback (most recent call last):
  File "C:\Python37\lib\runpy.py", line 193, in _run_module_as_main
    "__main__", mod_spec)
  File "C:\Python37\lib\runpy.py", line 85, in _run_code
    exec(code, run_globals)
  File "C:\Users\StefanGötz\AppData\Roaming\Python\Python37\site-packages\virtualenv.py", line 2343, in <module>
    main()
  File "C:\Users\StefanGötz\AppData\Roaming\Python\Python37\site-packages\virtualenv.py", line 712, in main
    symlink=options.symlink)
  File "C:\Users\StefanGötz\AppData\Roaming\Python\Python37\site-packages\virtualenv.py", line 947, in create_environment
    download=download,
  File "C:\Users\StefanGötz\AppData\Roaming\Python\Python37\site-packages\virtualenv.py", line 904, in install_wheel
    call_subprocess(cmd, show_stdout=False, extra_env=env, stdin=SCRIPT)
  File "C:\Users\StefanGötz\AppData\Roaming\Python\Python37\site-packages\virtualenv.py", line 772, in call_subprocess
    line = line.decode(fs_encoding)
UnicodeDecodeError: 'utf-8' codec can't decode byte 0xf6 in position 34: invalid start byte
Error while trying to remove the C:\Users\StefanGötz\.virtualenvs\pipenvtest-2SU67rvZ env:
Access is denied

Virtualenv location: C:\Users\StefanGötz\.virtualenvs\pipenvtest-2SU67rvZ
Creating a Pipfile for this project...
Installing psutil...
Installing 'psutil'
$ "C:\\Users\\StefanGötz\\AppData\\Roaming\\Python\\Python37\\Scripts\\pip.exe" install   --verbose    "psutil" -i https://pypi.org/simple --exists-action w
Config variable 'Py_DEBUG' is unset, Python ABI tag may be incorrect
Config variable 'WITH_PYMALLOC' is unset, Python ABI tag may be incorrect
Created temporary directory: C:\Users\STEFAN~1\AppData\Local\Temp\pip-ephem-wheel-cache-x1g5kdlt
Created temporary directory: C:\Users\STEFAN~1\AppData\Local\Temp\pip-req-tracker-6hfgu3re
Created requirements tracker 'C:\\Users\\STEFAN~1\\AppData\\Local\\Temp\\pip-req-tracker-6hfgu3re'
Created temporary directory: C:\Users\STEFAN~1\AppData\Local\Temp\pip-install-dubbw8w6
Collecting psutil
  1 location(s) to search for versions of psutil:
  * https://pypi.org/simple/psutil/
  Getting page https://pypi.org/simple/psutil/
  Looking up "https://pypi.org/simple/psutil/" in the cache
  Current age based on date: 2339
  Freshness lifetime from max-age: 600
  Freshness lifetime from request max-age: 600
  Starting new HTTPS connection (1): pypi.org:443
  https://pypi.org:443 "GET /simple/psutil/ HTTP/1.1" 304 0
  Analyzing links from page https://pypi.org/simple/psutil/
    Found link https://files.pythonhosted.org/packages/69/e4/7e36e3e6cbc83b76f1c93a63d4c053a03ca99f1c99b106835cb175b5932a/psutil-0.1.1.tar.gz#sha256=25c6caffbf00d8be77489391a784654e99fcbaf2a5278e80f748be4112ee0188 (from https://pypi.org/simple/psutil/), version: 0.1.1
    Found link https://files.pythonhosted.org/packages/6e/51/56198d83577106bf89cb23bffcb273f923aea8d5ffe03e3fce55f830c323/psutil-0.1.2.tar.gz#sha256=4a13d7f760b043b263346e48823b1dfd4c202e97b23483e481e5ff696e74509e (from https://pypi.org/simple/psutil/), version: 0.1.2
    Found link https://files.pythonhosted.org/packages/1d/4f/dcfe500fd43e3d6b26d253cb0d7e6e3a7d80224b5059bd50c482aff62eef/psutil-0.1.3.tar.gz#sha256=43e327934b4a273da20d3a5797d6abcaab37914f61499d96fcf9e8e1ae75442b (from https://pypi.org/simple/psutil/), version: 0.1.3
    Found link https://files.pythonhosted.org/packages/58/20/3457e441edc1625c6e1dbfcf780d2b22f2e9caa8606c3fd8ce6c48104e87/psutil-0.2.0.tar.gz#sha256=8de8efa92162c94f623297f522e440e818dc7b832f421f9f490324bc7d5d0d92 (from https://pypi.org/simple/psutil/), version: 0.2.0
    Skipping link https://files.pythonhosted.org/packages/e6/1d/9a90eec0aec7e015d16f3922328336b4f8cd783f782e9ab81146b47ffee3/psutil-0.2.0.win-amd64-py2.7.exe#sha256=4ce48cbbe3c915a9b720ce6465da34ce79465ffde63de8254cc9c8235fef824d (from https://pypi.org/simple/psutil/); unsupported archive format: .exe
    Skipping link https://files.pythonhosted.org/packages/1d/75/7c67bc2c8304b137a8ff709d21cb2dd7f600bc5ee76ecc88f77ec008e69e/psutil-0.2.0.win-amd64-py3.3.exe#sha256=eeba1fa1f2455219a05775044f7a76741252ea0bd4c762e7b652d281843c79ff (from https://pypi.org/simple/psutil/); unsupported archive format: .exe
    Skipping link https://files.pythonhosted.org/packages/e0/e4/2ec24cecccf111a4dbda892b484bdfd8c00d3da5f99c1a0a79c469c62fb2/psutil-0.2.0.win-amd64-py3.4.exe#sha256=919dabb5d47dc769a198a5d015c6765ef39b3b920c2ab6d04d05d9aa3ae6bb67 (from https://pypi.org/simple/psutil/); unsupported archive format: .exe
    Skipping link https://files.pythonhosted.org/packages/04/4f/478408899102af1d0d877be0b67e302fada1bdd8c8faaa4adc0e19550e53/psutil-0.2.0.win32-py2.5.exe#sha256=92f51445439f1082dab7733b9150b594b3797f4c96578457768c3e761f86c240 (from https://pypi.org/simple/psutil/); unsupported archive format: .exe
    Skipping link https://files.pythonhosted.org/packages/d7/f9/984326888f6c519cc813a96640cc9a2900dad85e15b9d368fe1f12a9bd11/psutil-0.2.0.win32-py2.6.exe#sha256=c3e3dc863834d03485f6c48a735f76ab9a7cff2911d101c8cbd1e553c03f0fae (from https://pypi.org/simple/psutil/); unsupported archive format: .exe
    Skipping link https://files.pythonhosted.org/packages/69/5c/be56c645a254ad83a9aa3055564aae543fdf23186aa5ec9c495a3937300b/psutil-0.2.0.win32-py2.7.exe#sha256=08c6f16ac00babe2c54067dbc305c0587cb896a8eb64383290cdafdba74ea123 (from https://pypi.org/simple/psutil/); unsupported archive format: .exe
    Skipping link https://files.pythonhosted.org/packages/76/42/d6813ce55af42553b2a3136e5159bd71e544bda5fdaed04c72759514e375/psutil-0.2.0.win32-py3.3.exe#sha256=e1f7cf0158a94e6b50f9a4b6f4258dec1bd89c9485c65d54b89ba2a09f0d51a3 (from https://pypi.org/simple/psutil/); unsupported archive format: .exe
    Skipping link https://files.pythonhosted.org/packages/f5/83/45b721a52001c1ba1f196e6b2ba3b12d99cbc03bf3f508f1fe56b4e25c66/psutil-0.2.0.win32-py3.4.exe#sha256=e49d818a4a49fd1ced40dac31076af622a40407234f717bc6a5c39b3f2335e81 (from https://pypi.org/simple/psutil/); unsupported archive format: .exe
    Found link https://files.pythonhosted.org/packages/9b/62/03133a1b4d1439227bc9b27389fc7d1137d111cbb15197094225967e21cf/psutil-0.2.1.tar.gz#sha256=bd33f5f9e04b7677a932cc90d541ceec0050080d1b053ed39488ef39cb0fb4f4 (from https://pypi.org/simple/psutil/), version: 0.2.1
    Skipping link https://files.pythonhosted.org/packages/55/3e/e49b7929b9daf9c3dcf31668a43ba669d22bb8606deca52e6f92cb67324d/psutil-0.2.1.win-amd64-py2.7.exe#sha256=ab9d06c0c2a7baadebf66fbc74a2532520b3b6d4a58ba3c1f04311a175ed9e7f (from https://pypi.org/simple/psutil/); unsupported archive format: .exe
    Skipping link https://files.pythonhosted.org/packages/34/f5/f471c56be91d10c9b83d22aa9f6f29006437f2196c89156f00f56f6e4661/psutil-0.2.1.win-amd64-py3.3.exe#sha256=076c9914d8aadccd459e3efedc49c10f14d16918d0af5735c22a2bdcc3f90cac (from https://pypi.org/simple/psutil/); unsupported archive format: .exe
    Skipping link https://files.pythonhosted.org/packages/68/ee/fc85a707394d1b374da61c071dee12299e779d87c09a86c727b6f30ad9a6/psutil-0.2.1.win-amd64-py3.4.exe#sha256=2679f8f9f20e61d85177f3fc6ee10bfbd6c4bd122b3f5774ba36d0035cac4f7a (from https://pypi.org/simple/psutil/); unsupported archive format: .exe
    Skipping link https://files.pythonhosted.org/packages/ca/6e/5c0a87e2c1bac5e32471eb84b349f0808f6d6ed49b9118784af9d0e71baa/psutil-0.2.1.win32-py2.5.exe#sha256=a8345934d7585c75d500098491f2a434dbba9e378fd908d76fbeb0bc20b8a3d3 (from https://pypi.org/simple/psutil/); unsupported archive format: .exe
    Skipping link https://files.pythonhosted.org/packages/e5/13/b358b509d4996df82ef77758c14c0999c443df537eefacc7bb24b6339758/psutil-0.2.1.win32-py2.6.exe#sha256=9b6294c3327625839fdbe92dca4093ab55e422fb348790b2ffc5c6cde163fe5b (from https://pypi.org/simple/psutil/); unsupported archive format: .exe
    Skipping link https://files.pythonhosted.org/packages/a9/1e/8ad399f44f63de6de262fc503b1d3f091f6a9b22feaf3c273ee8bb7a7c38/psutil-0.2.1.win32-py2.7.exe#sha256=ac4d86abc4c850141cd1e054a64f1fcb6977c4ccbbd65c5bac9bf9c8c5950cb1 (from https://pypi.org/simple/psutil/); unsupported archive format: .exe
    Skipping link https://files.pythonhosted.org/packages/75/f3/296f43c033c0453ebfdf125dc9b8907193e31ffb92256e4b702d16ef8ac1/psutil-0.2.1.win32-py3.3.exe#sha256=60048c47698aa20936b7593636dd88454bae6c436852aef95fb9774b0551d06c (from https://pypi.org/simple/psutil/); unsupported archive format: .exe
    Skipping link https://files.pythonhosted.org/packages/ae/8c/751f1e2fdcaa0ea817a8529468dca052b5de55033ee8539b996497b5be0e/psutil-0.2.1.win32-py3.4.exe#sha256=4aad401c1a45848107d395f97fc9cdb783acf120553ca1761dd77a7d52adb585 (from https://pypi.org/simple/psutil/); unsupported archive format: .exe
    Found link https://files.pythonhosted.org/packages/f2/5c/4e74b08905dab9474a53534507e463fe8eec98b2fc0d29964b0c6a7f959d/psutil-0.3.0.tar.gz#sha256=d70e16e60a575637f9d75a1005a8987d239700c0955134d4c8666a5aefbe16b8 (from https://pypi.org/simple/psutil/), version: 0.3.0
    Skipping link https://files.pythonhosted.org/packages/78/91/21944fbddafa1bdf7c0c0ed7d9f4043cd8470e36a1f7a9f6e8b4406a8e39/psutil-0.3.0.win-amd64-py2.7.exe#sha256=a554abcd10534ff32e3cbc4bd80b3c76a73d0bbb50739ee59482f0151703828b (from https://pypi.org/simple/psutil/); unsupported archive format: .exe
    Skipping link https://files.pythonhosted.org/packages/88/bd/5e9d566e941e165987b8c9bd61583c58242ef4da12b7d9fbb07494580aff/psutil-0.3.0.win-amd64-py3.3.exe#sha256=b33444731c63361ac316657bb305642e562097e870793bc57203cd9a4e4819a4 (from https://pypi.org/simple/psutil/); unsupported archive format: .exe
    Skipping link https://files.pythonhosted.org/packages/1f/06/c827177a80996d00f8f46ec99292e9d03fdf230a6e4fcea25ed9d19f3dcf/psutil-0.3.0.win-amd64-py3.4.exe#sha256=89419f0cab4dd3ef4b32933237e34f58799069930fd25ed7f69deb9c64106c85 (from https://pypi.org/simple/psutil/); unsupported archive format: .exe
    Skipping link https://files.pythonhosted.org/packages/e5/55/6a353c646e6d15ee618348ed68cf79800f1275ade127f665779b6be0ed19/psutil-0.3.0.win32-py2.5.exe#sha256=515b12e23581730c47e181fa163b457b90b6e848de0637d78b7fa8ca84ec2bc6 (from https://pypi.org/simple/psutil/); unsupported archive format: .exe
    Skipping link https://files.pythonhosted.org/packages/61/04/c447b4d468402bfb10d21995b0eae219c8397c00d9e8a2b209fb032ac1aa/psutil-0.3.0.win32-py2.6.exe#sha256=5bc91423ff25ad8dffb3c9979abdafb1ecd2e9a7ef4b9287bb731e76ea2c4b91 (from https://pypi.org/simple/psutil/); unsupported archive format: .exe
    Skipping link https://files.pythonhosted.org/packages/e4/2f/b060e631686e6455ff483ea5b6333382c6dddb5727edbfc9dcca1a8f024c/psutil-0.3.0.win32-py2.7.exe#sha256=4b7fbaca98b72f69561d593ef18b5254a8f98482b561db3d906aac4dd307bbcc (from https://pypi.org/simple/psutil/); unsupported archive format: .exe
    Skipping link https://files.pythonhosted.org/packages/50/34/7bfc452cb2cd0069a81064db51b484ef135125cf1d246d0ff82c65653c81/psutil-0.3.0.win32-py3.3.exe#sha256=005217c21551618085e3323d653d75f9ad8f7418bff4fd5109850fba11950d6e (from https://pypi.org/simple/psutil/); unsupported archive format: .exe
    Skipping link https://files.pythonhosted.org/packages/b0/08/1944d2281986237cdaeabfa36195f44dc4c847d5c4fda3523b44c6823e19/psutil-0.3.0.win32-py3.4.exe#sha256=331ac97b50def25e41bae637642d0131d5c4223b52ab55281d002549632ed5e0 (from https://pypi.org/simple/psutil/); unsupported archive format: .exe
    Found link https://files.pythonhosted.org/packages/88/46/a933ab20c6d9b0ca5704b60307b9e80bdc119b759e89b74a2609b4c10eb6/psutil-0.4.0.tar.gz#sha256=4b0ecc77d6c503449af3d2f0a41ad4cb8338e173f5d655a8239e41b1a49bc278 (from https://pypi.org/simple/psutil/), version: 0.4.0
    Skipping link https://files.pythonhosted.org/packages/a5/06/3ca1c85b733ceaced144cb211c1fc40a6b3b1c4f7a109bbb8e19fe09eac0/psutil-0.4.0.win-amd64-py2.7.exe#sha256=9689512e5a32508216bd6cc7cb2fbe938e4a47b483cd345b5bec6dda790a9210 (from https://pypi.org/simple/psutil/); unsupported archive format: .exe
    Skipping link https://files.pythonhosted.org/packages/ac/eb/f6923ea1b46803251f2bb42ad9b8ed90f4b8d04cdb2384c9ea535193e4f7/psutil-0.4.0.win-amd64-py3.3.exe#sha256=9ee193dec84c2c91ac8712760eaaae0488dee92db37134dfcddc889ecd4f578d (from https://pypi.org/simple/psutil/); unsupported archive format: .exe
    Skipping link https://files.pythonhosted.org/packages/7c/5b/d9057a158b09c377eab80dae60928f8fe29bdd11635ca725098587981eeb/psutil-0.4.0.win-amd64-py3.4.exe#sha256=94d2d0a24fa62f5655e9e21dd558592bf1d3d515d944eee70e9cd2e2bf2bf244 (from https://pypi.org/simple/psutil/); unsupported archive format: .exe
    Skipping link https://files.pythonhosted.org/packages/07/1e/7827d1271248ddef694681747297aeb3f77dafe5c93ff707a625e3947082/psutil-0.4.0.win32-py2.5.exe#sha256=fab822fb8968b45695174a2c9b4d40e9ae81126343e24d38b627036579f1ee5e (from https://pypi.org/simple/psutil/); unsupported archive format: .exe
    Skipping link https://files.pythonhosted.org/packages/b4/56/78f182bf9c81a978067ba5447eca2ea70ef2bc9ac94228adfae5428cd108/psutil-0.4.0.win32-py2.6.exe#sha256=ca511f56db8f1586612851a2eedbf80e38cf29f4a98f133410a74da284822747 (from https://pypi.org/simple/psutil/); unsupported archive format: .exe
    Skipping link https://files.pythonhosted.org/packages/7d/38/b719c8867699a71a98e92e61fd1b0f12bad997a9de60bf8f6215184692e8/psutil-0.4.0.win32-py2.7.exe#sha256=5b6cbf5aaeab55db1d9657fc75e4b54fa94d17d03ca97c94aa150e1bfdc8fb2e (from https://pypi.org/simple/psutil/); unsupported archive format: .exe
    Skipping link https://files.pythonhosted.org/packages/f4/2b/13be095a72c83fdbe11d519310cb34ff8e442d72ab52691218a83c216ac4/psutil-0.4.0.win32-py3.3.exe#sha256=dfe18b8eb9ee6dbbd49e28f245794c2fc22b56d770038668cb6e112935c49927 (from https://pypi.org/simple/psutil/); unsupported archive format: .exe
    Skipping link https://files.pythonhosted.org/packages/b4/8e/028b849600447c45c20582d7ddae1e39d31b83799289f54f1b79af664295/psutil-0.4.0.win32-py3.4.exe#sha256=5b63e0e83dde30d62206497320c06b27c489ffb261e95ac1267b7a1b8d4ce72d (from https://pypi.org/simple/psutil/); unsupported archive format: .exe
    Found link https://files.pythonhosted.org/packages/a0/cd/00550e16a2a0357a9c24946160e60fc947bbe23bc276aff1b4d3e7b90345/psutil-0.4.1.tar.gz#sha256=33002c38f916835c949ae39a84f3f6d09ce01818ed805dfd61f8f3844c395c9d (from https://pypi.org/simple/psutil/), version: 0.4.1
    Skipping link https://files.pythonhosted.org/packages/06/75/3dc33773b1a1f7055b24245a0c8bec4d5776f1e1125329a13e82449007be/psutil-0.4.1.win-amd64-py2.7.exe#sha256=3e408028898b4ad09c207659c1b6cb8e6a74fb39ab3157b761e057a629118fec (from https://pypi.org/simple/psutil/); unsupported archive format: .exe
    Skipping link https://files.pythonhosted.org/packages/6e/9e/6c7f5baf2529d9bba563cdff0b81413b5870b0681739318112adecd99ad0/psutil-0.4.1.win-amd64-py3.3.exe#sha256=457cfdecbf63f813bf86e2f736ab3b20447e8d8c2c516dd2a13a7463177f8bc6 (from https://pypi.org/simple/psutil/); unsupported archive format: .exe
    Skipping link https://files.pythonhosted.org/packages/cd/e6/9f963b32ab254b8c2bbedf5ce543cace8b08054924fd26fa233f99863ecc/psutil-0.4.1.win-amd64-py3.4.exe#sha256=fc75e094cf573a7b9977be2a9d3a9d94671bc0ab098d52c391dd63227309cbea (from https://pypi.org/simple/psutil/); unsupported archive format: .exe
    Skipping link https://files.pythonhosted.org/packages/65/ad/e7828797558dd5f209694b02ce079cd3b6beacf6a5175f38c1973c688494/psutil-0.4.1.win32-py2.5.exe#sha256=ef4ed886b4d2d664fab5c369543690cda04e04a3b7496d72e369ef5240a8af6b (from https://pypi.org/simple/psutil/); unsupported archive format: .exe
    Skipping link https://files.pythonhosted.org/packages/1e/a1/594bf54e7c4056bc5284023be97f67c930175b3329e086a4ed8966cb067a/psutil-0.4.1.win32-py2.6.exe#sha256=aafe9e328ffc173b26c78897c168858da335c85d4a02d666ad68fe2fe14601d1 (from https://pypi.org/simple/psutil/); unsupported archive format: .exe
    Skipping link https://files.pythonhosted.org/packages/c6/c4/14807de009a1beab2426b537379a8b05b1d69fef1fde7e23581cc332cdb3/psutil-0.4.1.win32-py2.7.exe#sha256=cefad502010c78425190498efc54541ae7bbe9eaa73ef4000cf11b032d32a8bb (from https://pypi.org/simple/psutil/); unsupported archive format: .exe
    Skipping link https://files.pythonhosted.org/packages/38/7d/407f7586bccdeb80f5da82d8ebb98712bfcc7217e3d7c3fc61b3bba893f2/psutil-0.4.1.win32-py3.3.exe#sha256=a35ce124b2dec01d7632627c9370f5202978fce89ae59235cf4d5e05bbd0e02b (from https://pypi.org/simple/psutil/); unsupported archive format: .exe
    Skipping link https://files.pythonhosted.org/packages/c5/b7/d2662ebf114961766c9eb3d9b737cb5541060d35e65b542b0acef470221a/psutil-0.4.1.win32-py3.4.exe#sha256=860a039b67ee015a6304e8d05e6dc5c2a447eca331b7d6c9d04f41d7f2fc3a66 (from https://pypi.org/simple/psutil/); unsupported archive format: .exe
    Found link https://files.pythonhosted.org/packages/3f/eb/e4115c3ecc189fd345b9a50d521e2ff76990bfb12a91921e93ea6398feef/psutil-0.5.0.tar.gz#sha256=b10d1c19b9d334bea9f025f3b82b5664d642d26ba32ae0e71e7e20c5a6b4164f (from https://pypi.org/simple/psutil/), version: 0.5.0
    Skipping link https://files.pythonhosted.org/packages/c5/cc/9bb29fdd60e347617c3a09f51a595941ddb4777fc1608068d174ced5bfdd/psutil-0.5.0.win-amd64-py2.7.exe#sha256=5bf7a91fd57be3a63c6b9fa78da63c185b9be909ca49032f3ceda662628be74d (from https://pypi.org/simple/psutil/); unsupported archive format: .exe
    Skipping link https://files.pythonhosted.org/packages/37/d8/276629523e0477639b33a606f93c2fc2e9c4cafba76b3a4cd1ddc42dd307/psutil-0.5.0.win-amd64-py3.3.exe#sha256=0cd9872d0d675b0314d2d15513e8ff3693a417e4ebaa158fc1f8780cc611574c (from https://pypi.org/simple/psutil/); unsupported archive format: .exe
    Skipping link https://files.pythonhosted.org/packages/5f/bc/a026bbb10a4df4cf458b5d6feabc72a0017e6a4f472898280442ff3f9393/psutil-0.5.0.win-amd64-py3.4.exe#sha256=13f71acf1d2fe08db072d890280e985e8414080bcd525c13c66e0e8fbc917710 (from https://pypi.o
Adding psutil to Pipfile's [packages]...
Creating a virtualenv for this project...
Pipfile: C:\Users\StefanGötz\pipenvtest\Pipfile
Using C:\Python37\python.exe (3.7.0) to create virtualenv...
Already using interpreter C:\Python37\python.exe
Using base prefix 'C:\\Python37'
C:\Users\StefanGötz\AppData\Roaming\Python\Python37\site-packages\virtualenv.py:1041: DeprecationWarning: the imp module is deprecated in favour of importlib; see the module's documentation for alternative uses
  import imp
New python executable in C:\Users\StefanGötz\.virtualenvs\pipenvtest-2SU67rvZ\Scripts\python.exe
Installing setuptools, pip, wheel...done.
Traceback (most recent call last):
  File "C:\Users\StefanGötz\AppData\Roaming\Python\Python37\site-packages\virtualenv.py", line 770, in call_subprocess
    line = line.decode(encoding)
UnicodeDecodeError: 'utf-8' codec can't decode byte 0xf6 in position 34: invalid start byte

During handling of the above exception, another exception occurred:

Traceback (most recent call last):
  File "C:\Python37\lib\runpy.py", line 193, in _run_module_as_main
    "__main__", mod_spec)
  File "C:\Python37\lib\runpy.py", line 85, in _run_code
    exec(code, run_globals)
  File "C:\Users\StefanGötz\AppData\Roaming\Python\Python37\site-packages\virtualenv.py", line 2343, in <module>
    main()
  File "C:\Users\StefanGötz\AppData\Roaming\Python\Python37\site-packages\virtualenv.py", line 712, in main
    symlink=options.symlink)
  File "C:\Users\StefanGötz\AppData\Roaming\Python\Python37\site-packages\virtualenv.py", line 947, in create_environment
    download=download,
  File "C:\Users\StefanGötz\AppData\Roaming\Python\Python37\site-packages\virtualenv.py", line 904, in install_wheel
    call_subprocess(cmd, show_stdout=False, extra_env=env, stdin=SCRIPT)
  File "C:\Users\StefanGötz\AppData\Roaming\Python\Python37\site-packages\virtualenv.py", line 772, in call_subprocess
    line = line.decode(fs_encoding)
UnicodeDecodeError: 'utf-8' codec can't decode byte 0xf6 in position 34: invalid start byte
Error while trying to remove the C:\Users\StefanGötz\.virtualenvs\pipenvtest-2SU67rvZ env:
Access is denied

Virtualenv location: C:\Users\StefanGötz\.virtualenvs\pipenvtest-2SU67rvZ
Pipfile.lock not found, creating...
Locking [dev-packages] dependencies...
Locking [packages] dependencies...
using sources: [{'url': 'https://pypi.org/simple', 'verify_ssl': True, 'name': 'pypi'}]
Using pip: -i https://pypi.org/simple

                          ROUND 1
Current constraints:
  psutil (from -r C:\Users\STEFAN~1\AppData\Local\Temp\pipenv-kfpqg5h2-requirements\pipenv-143gi7hu-constraints.txt (line 2))

Finding the best candidates:
  found candidate psutil==5.4.6 (constraint was <any>)

Finding secondary dependencies:
  psutil==5.4.6             requires psutil==5.4.6; python_version >= "2.6" and python_version != "3.1.*" and python_version != "3.3.*" and python_version != "3.2.*" and python_version != "3.0.*"

New dependencies found in this round:
  adding ['psutil', '==5.4.6', '[]']
Removed dependencies in this round:
Unsafe dependencies in this round:
------------------------------------------------------------
Result of round 1: not stable

                          ROUND 2
Current constraints:
  psutil==5.4.6 (from -r C:\Users\STEFAN~1\AppData\Local\Temp\pipenv-kfpqg5h2-requirements\pipenv-143gi7hu-constraints.txt (line 2))

Finding the best candidates:
  found candidate psutil==5.4.6 (constraint was ==5.4.6)

Finding secondary dependencies:
  psutil==5.4.6             requires psutil==5.4.6; python_version >= "2.6" and python_version != "3.1.*" and python_version != "3.3.*" and python_version != "3.2.*" and python_version != "3.0.*"
------------------------------------------------------------
Result of round 2: stable, done

Updated Pipfile.lock (f07c0e)!
Installing dependencies from Pipfile.lock (f07c0e)...
Installing 'psutil==5.4.6 --hash=sha256:0ff2b16e9045d01edb1dd10d7fbcc184012e37f6cd38029e959f2be9c6223f50 --hash=sha256:254adb6a27c888f141d2a6032ae231d8ed4fc5f7583b4c825e5f7d7c78d26d2e --hash=sha256:319e12f6bae4d4d988fbff3bed792953fa3b44c791f085b0a1a230f755671ef7 --hash=sha256:529ae235896efb99a6f77653a7138273ab701ec9f0343a1f5030945108dee3c4 --hash=sha256:686e5a35fe4c0acc25f3466c32e716f2d498aaae7b7edc03e2305b682226bcf6 --hash=sha256:6d981b4d863b20c8ceed98b8ac3d1ca7f96d28707a80845d360fa69c8fc2c44b --hash=sha256:7789885a72aa3075d28d028236eb3f2b84d908f81d38ad41769a6ddc2fd81b7c --hash=sha256:7f4616bcb44a6afda930cfc40215e5e9fa7c6896e683b287c771c937712fbe2f --hash=sha256:7fdb3d02bfd68f508e6745021311a4a4dbfec53fca03721474e985f310e249ba --hash=sha256:a9b85b335b40a528a8e2a6b549592138de8429c6296e7361892958956e6a73cf --hash=sha256:dc85fad15ef98103ecc047a0d81b55bbf5fe1b03313b96e883acc2e2fa87ed5c'
$ "C:\\Users\\StefanGötz\\AppData\\Roaming\\Python\\Python37\\Scripts\\pip.exe" install   --verbose  --no-deps  -r "C:\\Users\\STEFAN~1\\AppData\\Local\\Temp\\pipenv-5amx2h39-requirements\\pipenv-va1wx4ay-requirement.txt" --require-hashes -i https://pypi.org/simple --exists-action w
Config variable 'Py_DEBUG' is unset, Python ABI tag may be incorrect
Config variable 'WITH_PYMALLOC' is unset, Python ABI tag may be incorrect
Created temporary directory: C:\Users\STEFAN~1\AppData\Local\Temp\pip-ephem-wheel-cache-36z3gopg
Created temporary directory: C:\Users\STEFAN~1\AppData\Local\Temp\pip-req-tracker-8sz3jk4b
Created requirements tracker 'C:\\Users\\STEFAN~1\\AppData\\Local\\Temp\\pip-req-tracker-8sz3jk4b'
Created temporary directory: C:\Users\STEFAN~1\AppData\Local\Temp\pip-install-29wdk0xy
Requirement already satisfied: psutil==5.4.6 in c:\python37\lib\site-packages (from -r C:\\Users\\STEFAN~1\\AppData\\Local\\Temp\\pipenv-5amx2h39-requirements\\pipenv-va1wx4ay-requirement.txt (line 1)) (5.4.6)
  Since it is already installed, we are trusting this package without checking its hash. To ensure a completely repeatable environment, install into an empty virtualenv.
Cleaning up...
Removed build tracker 'C:\\Users\\STEFAN~1\\AppData\\Local\\Temp\\pip-req-tracker-8sz3jk4b'

  ================================ 1/1 - 00:00:00
To activate this project's virtualenv, run pipenv shell.
Alternatively, run a command inside the virtualenv with pipenv run.

C:\Users\StefanGötz\pipenvtest>py -m pipenv --venv
No virtualenv has been created for this project yet!

C:\Users\StefanGötz\pipenvtest>py -m pip list
Package          Version
---------------- ---------
certifi          2018.4.16
pip              18.0
pipenv           2018.7.1
psutil           5.4.6
setuptools       39.0.1
virtualenv       16.0.0
virtualenv-clone 0.3.0

C:\Users\StefanGötz\pipenvtest>py -m pip list --user
Package          Version
---------------- ---------
certifi          2018.4.16
pip              18.0
pipenv           2018.7.1
virtualenv       16.0.0
virtualenv-clone 0.3.0
Please run $ pipenv --support, and paste the results here. Don't put backticks (`) around it! The output already contains Markdown formatting.
> pipenv --support | clip
$ pipenv --support