kalasni commented on 9 Oct 2018
I can't install Django (or any other package) using pipenv. I "think" I have a conflict with the Python versions installed on my system (Ubuntu 18.04), or when installing pipenv with pip.
How could I solve this problem? Thanks in advance
pipenv installed by:
$ pip install --user pipenv
$ python --version
Python 2.7.15rc1
(by default, even though I use an alias to run python3 by default.
alias python='/usr/bin/python3.6' )
$ pipenv --python 3
Creating a virtualenv for this project...
Pipfile: /home/ro/workspace/pyt/django-jwt/Pipfile
Using /usr/bin/python3 (3.6.6) to create virtualenv...
â ‹Running virtualenv with interpreter /usr/bin/python3
Using base prefix '/usr'
New python executable in /home/ro/.local/share/virtualenvs/django-jwt-l8_cwxbw/bin/python3
Also creating executable in /home/ro/.local/share/virtualenvs/django-jwt-l8_cwxbw/bin/python
Installing setuptools, pip, wheel...done.
Setting project for django-jwt-l8_cwxbw to /home/ro/workspace/pyt/django-jwt
Virtualenv location: /home/ro/.local/share/virtualenvs/django-jwt-l8_cwxbw
Creating a Pipfile for this project...
$ pipenv install django
Installing django...
Traceback (most recent call last):
File "/home/ro/.local/bin/pipenv", line 11, in
sys.exit(cli())
File "/home/ro/.local/lib/python2.7/site-packages/pipenv/vendor/click/core.py", line 722, in call
return self.main(*args, **kwargs)
File "/home/ro/.local/lib/python2.7/site-packages/pipenv/vendor/click/core.py", line 697, in main
rv = self.invoke(ctx)
...
..
File "/home/ro/.local/lib/python2.7/site-packages/pipenv/vendor/requirementslib/models/requirements.py", line 704, in from_line
line, extras = _strip_extras(line)
TypeError: 'module' object is not callable
/home/ro/.local/lib/python2.7/site-packages/pipenv/_compat.py:113: ResourceWarning: Implicitly cleaning up <TemporaryDirectory '/tmp/pipenv-Bpi57Z-requirements'>
warnings.warn(warn_message, ResourceWarning)
$ pipenv --support
pipenv --support Pipenv version: `'2018.7.1'`