ijanos commented on 9 Jun 2018
On Fedora linux the python3 version of the virtualenv script is called virtualenv-3 and pipenv does not find it.
$ pipenv install
Creating a virtualenv for this project…
Using /usr/bin/python3.6m (3.6.5) to create virtualenv…
⠋Warning: it looks like virtualenv is not in your PATH. We cannot continue until this is resolved.
$ pip3 install virtualenv
Requirement already satisfied: virtualenv in /usr/lib/python3.6/site-packages
$ virtualenv
-bash: virtualenv: command not found
$ virtualenv-3 --version
16.0.0
$ python -m pipenv.help output