Contributor
altendky commented on 11 Apr 2018
I would expect pypiwin32 = {markers = "sys_platform == 'win32'"} to not try to be installed in Linux and therefore not result in an error. While pipenv does say it is Ignoring pypiwin32 it subsequently also fails with No matching distribution found for pywin32==223.
Tested against d2b0580.
altendky@lt:/home/epc/t/pipenv/t$ rm Pipfile.lock
rm: cannot remove 'Pipfile.lock': No such file or directory
altendky@lt:/home/epc/t/pipenv/t$ git -C ../pipenv rev-parse HEAD
d2b0580427bbaeda3b8efea4b884c5d857360508
altendky@lt:/home/epc/t/pipenv/t$ ../pipenv/venv/bin/pipenv install
Pipfile.lock not found, creating‚Ä¶
Locking [dev-packages] dependencies‚Ä¶
Locking [packages] dependencies‚Ä¶
Updated Pipfile.lock (1eacc8)!
Installing dependencies from Pipfile.lock (1eacc8)‚Ä¶
Ignoring pypiwin32: markers 'sys_platform == "win32"' don't match your environment
An error occurred while installing pywin32==223! Will try again.
  üêç   ‚ñâ‚ñâ‚ñâ‚ñâ‚ñâ‚ñâ‚ñâ‚ñâ‚ñâ‚ñâ‚ñâ‚ñâ‚ñâ‚ñâ‚ñâ‚ñâ‚ñâ‚ñâ‚ñâ‚ñâ‚ñâ‚ñâ‚ñâ‚ñâ‚ñâ‚ñâ‚ñâ‚ñâ‚ñâ‚ñâ‚ñâ‚ñâ 2/2 ‚Äî 00:00:01
Installing initially‚Äìfailed dependencies‚Ä¶
Collecting pywin32==223 ‚ñâ‚ñâ‚ñâ‚ñâ‚ñâ‚ñâ‚ñâ‚ñâ‚ñâ‚ñâ‚ñâ‚ñâ‚ñâ 0/1 ‚Äî 00:00:00

  Could not find a version that satisfies the requirement pywin32==223 (from -r /tmp/pipenv-csqv2dmw-requirements/pipenv-6oz3mv06-requirement.txt (line 1)) (from versions: )
No matching distribution found for pywin32==223 (from -r /tmp/pipenv-csqv2dmw-requirements/pipenv-6oz3mv06-requirement.txt (line 1))

  ‚ò§  ‚ñâ‚ñâ‚ñâ‚ñâ‚ñâ‚ñâ‚ñâ‚ñâ‚ñâ‚ñâ‚ñâ‚ñâ‚ñâ‚ñâ‚ñâ‚ñâ‚ñâ‚ñâ‚ñâ‚ñâ‚ñâ‚ñâ‚ñâ‚ñâ‚ñâ‚ñâ‚ñâ‚ñâ‚ñâ‚ñâ‚ñâ‚ñâ 0/1 ‚Äî 00:00:01
altendky@lt:/home/epc/t/pipenv/t$ ../pipenv/venv/bin/python -m pipenv.help
$ python -m pipenv.help output
$ ../pipenv/venv/bin/pipenv install --verbose