caulagi commented on 11 Jul 2018
Issue description
pipenv install doesn't use PIPENV_PIPFILE when specified in .env. However, install uses PIPENV_PIPFILE when it is defined as a normal shell variable.
Expected result
pipenv install doesn't create new Pipfile
Actual result
$ cd /tmp/test
$ find .
.
./.env
./requirements
./requirements/Pipfile
./requirements/Pipfile.lock

$ cat .env
PIPENV_PIPFILE=${PWD}/requirements/Pipfile

$ pipenv install
Creating a Pipfile for this project...
Pipfile.lock not found, creating...

$ export PIPENV_PIPFILE=/tmp/test/requirements/Pipfile

$ pipenv install
Creating a virtualenv for this project...
Pipfile: /tmp/test/requirements/Pipfile
Steps to replicate
$ pipenv --support